Component: ARM Compiler 6.14 Tool: armlink [5db06800]

==============================================================================

Section Cross References

    main.o(.text) refers (Special) to _printf_percent.o(.ARM.Collect$$_printf_percent$$00000000) for _printf_percent
    main.o(.text) refers (Special) to _printf_s.o(.ARM.Collect$$_printf_percent$$00000014) for _printf_s
    main.o(.text) refers (Special) to _printf_str.o(.text) for _printf_str
    main.o(.text.main) refers (Special) to _printf_percent.o(.ARM.Collect$$_printf_percent$$00000000) for _printf_percent
    main.o(.text.main) refers (Special) to _printf_s.o(.ARM.Collect$$_printf_percent$$00000014) for _printf_s
    main.o(.text.main) refers (Special) to _printf_str.o(.text) for _printf_str
    main.o(.text.main) refers to system_stm32f10x.o(.data.SystemCoreClock) for SystemCoreClock
    main.o(.text.main) refers to main.o(.text.SysTick_Config) for SysTick_Config
    main.o(.text.main) refers to main.o(.text.initClock) for initClock
    main.o(.text.main) refers to main.o(.text.initGPIOs) for initGPIOs
    main.o(.text.main) refers to uart.o(.text.initUSART1) for initUSART1
    main.o(.text.main) refers to timer.o(.text.initTimer4) for initTimer4
    main.o(.text.main) refers to uart.o(.text.sendString) for sendString
    main.o(.text.main) refers to main.o(.text.delayUs) for delayUs
    main.o(.text.main) refers to main.o(.rodata.str1.1) for .L.str.1
    main.o(.text.main) refers to uart.o(.text.waitFor) for waitFor
    main.o(.text.main) refers to main.o(.bss.wifi_info) for wifi_info
    main.o(.text.main) refers to __2sprintf.o(.text) for __2sprintf
    main.o(.text.main) refers to main.o(.bss.idx) for idx
    main.o(.text.main) refers to main.o(.text.startButton) for startButton
    main.o(.text.main) refers to _hal_gpio.o(.text.togglePin) for togglePin
    main.o(.ARM.exidx.text.main) refers (Special) to _printf_percent.o(.ARM.Collect$$_printf_percent$$00000000) for _printf_percent
    main.o(.ARM.exidx.text.main) refers (Special) to _printf_s.o(.ARM.Collect$$_printf_percent$$00000014) for _printf_s
    main.o(.ARM.exidx.text.main) refers (Special) to _printf_str.o(.text) for _printf_str
    main.o(.ARM.exidx.text.main) refers to main.o(.text.main) for [Anonymous Symbol]
    main.o(.text.SysTick_Config) refers (Special) to _printf_percent.o(.ARM.Collect$$_printf_percent$$00000000) for _printf_percent
    main.o(.text.SysTick_Config) refers (Special) to _printf_s.o(.ARM.Collect$$_printf_percent$$00000014) for _printf_s
    main.o(.text.SysTick_Config) refers (Special) to _printf_str.o(.text) for _printf_str
    main.o(.text.SysTick_Config) refers to main.o(.text.__NVIC_SetPriority) for __NVIC_SetPriority
    main.o(.ARM.exidx.text.SysTick_Config) refers (Special) to _printf_percent.o(.ARM.Collect$$_printf_percent$$00000000) for _printf_percent
    main.o(.ARM.exidx.text.SysTick_Config) refers (Special) to _printf_s.o(.ARM.Collect$$_printf_percent$$00000014) for _printf_s
    main.o(.ARM.exidx.text.SysTick_Config) refers (Special) to _printf_str.o(.text) for _printf_str
    main.o(.ARM.exidx.text.SysTick_Config) refers to main.o(.text.SysTick_Config) for [Anonymous Symbol]
    main.o(.text.initClock) refers (Special) to _printf_percent.o(.ARM.Collect$$_printf_percent$$00000000) for _printf_percent
    main.o(.text.initClock) refers (Special) to _printf_s.o(.ARM.Collect$$_printf_percent$$00000014) for _printf_s
    main.o(.text.initClock) refers (Special) to _printf_str.o(.text) for _printf_str
    main.o(.text.initClock) refers to rcc.o(.text.enableClockForPort) for enableClockForPort
    main.o(.text.initClock) refers to rcc.o(.text.enableClockForTimer2) for enableClockForTimer2
    main.o(.text.initClock) refers to rcc.o(.text.enableClockForTimer3) for enableClockForTimer3
    main.o(.text.initClock) refers to rcc.o(.text.enableClockForTimer4) for enableClockForTimer4
    main.o(.text.initClock) refers to rcc.o(.text.enableClockForAltFunc) for enableClockForAltFunc
    main.o(.text.initClock) refers to rcc.o(.text.enableClockForUART1) for enableClockForUART1
    main.o(.ARM.exidx.text.initClock) refers (Special) to _printf_percent.o(.ARM.Collect$$_printf_percent$$00000000) for _printf_percent
    main.o(.ARM.exidx.text.initClock) refers (Special) to _printf_s.o(.ARM.Collect$$_printf_percent$$00000014) for _printf_s
    main.o(.ARM.exidx.text.initClock) refers (Special) to _printf_str.o(.text) for _printf_str
    main.o(.ARM.exidx.text.initClock) refers to main.o(.text.initClock) for [Anonymous Symbol]
    main.o(.text.initGPIOs) refers (Special) to _printf_percent.o(.ARM.Collect$$_printf_percent$$00000000) for _printf_percent
    main.o(.text.initGPIOs) refers (Special) to _printf_s.o(.ARM.Collect$$_printf_percent$$00000014) for _printf_s
    main.o(.text.initGPIOs) refers (Special) to _printf_str.o(.text) for _printf_str
    main.o(.text.initGPIOs) refers to _hal_gpio.o(.text.initGPIO) for initGPIO
[...]
    ../clib/printf.c                         0x00000000   Number         0  _printf_oct_int.o ABSOLUTE
    ../clib/printf.c                         0x00000000   Number         0  _printf_oct_int_ll.o ABSOLUTE
    ../clib/printf.c                         0x00000000   Number         0  _printf_hex_ll.o ABSOLUTE
    ../clib/printf.c                         0x00000000   Number         0  _printf_hex_int.o ABSOLUTE
    ../clib/printf.c                         0x00000000   Number         0  _printf_hex_int_ll.o ABSOLUTE
    ../clib/printf.c                         0x00000000   Number         0  _printf_hex_ptr.o ABSOLUTE
    ../clib/printf.c                         0x00000000   Number         0  _printf_hex_int_ptr.o ABSOLUTE
    ../clib/printf.c                         0x00000000   Number         0  _printf_hex_ll_ptr.o ABSOLUTE
    ../clib/printf.c                         0x00000000   Number         0  _printf_hex_int_ll_ptr.o ABSOLUTE
    ../clib/printf.c                         0x00000000   Number         0  _printf_intcommon.o ABSOLUTE
    ../clib/printf.c                         0x00000000   Number         0  _printf_fp_dec.o ABSOLUTE
    ../clib/printf.c                         0x00000000   Number         0  _printf_fp_dec_accurate.o ABSOLUTE
    ../clib/printf.c                         0x00000000   Number         0  _printf_fp_hex.o ABSOLUTE
    ../clib/printf.c                         0x00000000   Number         0  __printf_nopercent.o ABSOLUTE
    ../clib/printf.c                         0x00000000   Number         0  _printf_wchar.o ABSOLUTE
    ../clib/printf.c                         0x00000000   Number         0  _printf_fp_infnan.o ABSOLUTE
    ../clib/printf_percent.s                 0x00000000   Number         0  _printf_s.o ABSOLUTE
    ../clib/printf_percent.s                 0x00000000   Number         0  _printf_percent.o ABSOLUTE
    ../clib/printf_percent.s                 0x00000000   Number         0  _printf_c.o ABSOLUTE
    ../clib/printf_percent.s                 0x00000000   Number         0  _printf_n.o ABSOLUTE
    ../clib/printf_percent.s                 0x00000000   Number         0  _printf_x.o ABSOLUTE
    ../clib/printf_percent.s                 0x00000000   Number         0  _printf_p.o ABSOLUTE
    ../clib/printf_percent.s                 0x00000000   Number         0  _printf_o.o ABSOLUTE
    ../clib/printf_percent.s                 0x00000000   Number         0  _printf_i.o ABSOLUTE
    ../clib/printf_percent.s                 0x00000000   Number         0  _printf_d.o ABSOLUTE
    ../clib/printf_percent.s                 0x00000000   Number         0  _printf_u.o ABSOLUTE
    ../clib/printf_percent.s                 0x00000000   Number         0  _printf_f.o ABSOLUTE
    ../clib/printf_percent.s                 0x00000000   Number         0  _printf_e.o ABSOLUTE
    ../clib/printf_percent.s                 0x00000000   Number         0  _printf_g.o ABSOLUTE
    ../clib/printf_percent.s                 0x00000000   Number         0  _printf_a.o ABSOLUTE
    ../clib/printf_percent.s                 0x00000000   Number         0  _printf_percent_end.o ABSOLUTE
    ../clib/printf_percent.s                 0x00000000   Number         0  _printf_lli.o ABSOLUTE
    ../clib/printf_percent.s                 0x00000000   Number         0  _printf_lld.o ABSOLUTE
    ../clib/printf_percent.s                 0x00000000   Number         0  _printf_llu.o ABSOLUTE
    ../clib/printf_percent.s                 0x00000000   Number         0  _printf_ll.o ABSOLUTE
    ../clib/printf_percent.s                 0x00000000   Number         0  _printf_l.o ABSOLUTE
    ../clib/printf_percent.s                 0x00000000   Number         0  _printf_lc.o ABSOLUTE
    ../clib/printf_percent.s                 0x00000000   Number         0  _printf_ls.o ABSOLUTE
    ../clib/printf_percent.s                 0x00000000   Number         0  _printf_llo.o ABSOLUTE
    ../clib/printf_percent.s                 0x00000000   Number         0  _printf_llx.o ABSOLUTE
    ../clib/signal.c                         0x00000000   Number         0  defsig_rtmem_outer.o ABSOLUTE
    ../clib/signal.c                         0x00000000   Number         0  defsig_rtmem_formal.o ABSOLUTE
    ../clib/signal.c                         0x00000000   Number         0  defsig_exit.o ABSOLUTE
    ../clib/signal.c                         0x00000000   Number         0  defsig_rtmem_inner.o ABSOLUTE
    ../clib/signal.c                         0x00000000   Number         0  __raise.o ABSOLUTE
    ../clib/signal.c                         0x00000000   Number         0  defsig_general.o ABSOLUTE
    ../clib/signal.c                         0x00000000   Number         0  defsig_abrt_inner.o ABSOLUTE
    ../clib/signal.c                         0x00000000   Number         0  defsig_fpe_inner.o ABSOLUTE
    ../clib/signal.c                         0x00000000   Number         0  defsig_rtred_inner.o ABSOLUTE
    ../clib/signal.c                         0x00000000   Number         0  defsig_stak_inner.o ABSOLUTE
    ../clib/signal.c                         0x00000000   Number         0  defsig_pvfn_inner.o ABSOLUTE
    ../clib/signal.c                         0x00000000   Number         0  defsig_cppl_inner.o ABSOLUTE
    ../clib/signal.c                         0x00000000   Number         0  defsig_segv_inner.o ABSOLUTE
    ../clib/signal.c                         0x00000000   Number         0  defsig_other.o ABSOLUTE
    ../clib/signal.s                         0x00000000   Number         0  defsig.o ABSOLUTE
    ../clib/stdlib.c                         0x00000000   Number         0  exit.o ABSOLUTE
    ../clib/string.c                         0x00000000   Number         0  strstr.o ABSOLUTE
    ../clib/string.c                         0x00000000   Number         0  strlen.o ABSOLUTE
    ../fplib/faddsub.s                       0x00000000   Number         0  faddsub_clz.o ABSOLUTE
    ../fplib/ffixu.s                         0x00000000   Number         0  ffixu.o ABSOLUTE
    ../fplib/fnaninf.s                       0x00000000   Number         0  fnaninf.o ABSOLUTE
    ../fplib/fpinit.s                        0x00000000   Number         0  fpinit.o ABSOLUTE
    ../fplib/fpinit_empty.s                  0x00000000   Number         0  fpinit_empty.o ABSOLUTE
    ../fplib/fretinf.s                       0x00000000   Number         0  fretinf.o ABSOLUTE
    ../fplib/istatus.s                       0x00000000   Number         0  istatus.o ABSOLUTE
    ../fplib/printf1.s                       0x00000000   Number         0  printf1.o ABSOLUTE
    ../fplib/printf2.s                       0x00000000   Number         0  printf2.o ABSOLUTE
    ../fplib/printf2a.s                      0x00000000   Number         0  printf2a.o ABSOLUTE
    ../fplib/printf2b.s                      0x00000000   Number         0  printf2b.o ABSOLUTE
    ../fplib/usenofp.s                       0x00000000   Number         0  usenofp.o ABSOLUTE
    ../mathlib/fpclassify.c                  0x00000000   Number         0  fpclassify.o ABSOLUTE
    ESP8266.c                                0x00000000   Number         0  esp8266.o ABSOLUTE
    RCC.c                                    0x00000000   Number         0  rcc.o ABSOLUTE
    RTE/Device/STM32F103C8/startup_stm32f10x_md.s 0x00000000   Number         0  startup_stm32f10x_md.o ABSOLUTE
    Timer.c                                  0x00000000   Number         0  timer.o ABSOLUTE
    UART.c                                   0x00000000   Number         0  uart.o ABSOLUTE
    _HAL_GPIO.c                              0x00000000   Number         0  _hal_gpio.o ABSOLUTE
    dc.s                                     0x00000000   Number         0  dc.o ABSOLUTE
    main.c                                   0x00000000   Number         0  main.o ABSOLUTE
    system_stm32f10x.c                       0x00000000   Number         0  system_stm32f10x.o ABSOLUTE
    RESET                                    0x08000000   Section      236  startup_stm32f10x_md.o(RESET)
    !!!main                                  0x080000ec   Section        8  __main.o(!!!main)
    !!!scatter                               0x080000f4   Section       52  __scatter.o(!!!scatter)
    !!handler_copy                           0x08000128   Section       26  __scatter_copy.o(!!handler_copy)
    !!handler_zi                             0x08000144   Section       28  __scatter_zi.o(!!handler_zi)
    .ARM.Collect$$_printf_percent$$00000000  0x08000160   Section        0  _printf_percent.o(.ARM.Collect$$_printf_percent$$00000000)
    .ARM.Collect$$_printf_percent$$00000001  0x08000160   Section        6  _printf_n.o(.ARM.Collect$$_printf_percent$$00000001)
    .ARM.Collect$$_printf_percent$$00000002  0x08000166   Section        6  _printf_p.o(.ARM.Collect$$_printf_percent$$00000002)
    .ARM.Collect$$_printf_percent$$00000003  0x0800016c   Section        6  _printf_f.o(.ARM.Collect$$_printf_percent$$00000003)
    .ARM.Collect$$_printf_percent$$00000004  0x08000172   Section        6  _printf_e.o(.ARM.Collect$$_printf_percent$$00000004)
    .ARM.Collect$$_printf_percent$$00000005  0x08000178   Section        6  _printf_g.o(.ARM.Collect$$_printf_percent$$00000005)
    .ARM.Collect$$_printf_percent$$00000006  0x0800017e   Section        6  _printf_a.o(.ARM.Collect$$_printf_percent$$00000006)
    .ARM.Collect$$_printf_percent$$00000007  0x08000184   Section       10  _printf_ll.o(.ARM.Collect$$_printf_percent$$00000007)
    .ARM.Collect$$_printf_percent$$00000008  0x0800018e   Section        6  _printf_i.o(.ARM.Collect$$_printf_percent$$00000008)
    .ARM.Collect$$_printf_percent$$00000009  0x08000194   Section        6  _printf_d.o(.ARM.Collect$$_printf_percent$$00000009)
    .ARM.Collect$$_printf_percent$$0000000A  0x0800019a   Section        6  _printf_u.o(.ARM.Collect$$_printf_percent$$0000000A)
    .ARM.Collect$$_printf_percent$$0000000B  0x080001a0   Section        6  _printf_o.o(.ARM.Collect$$_printf_percent$$0000000B)
    .ARM.Collect$$_printf_percent$$0000000C  0x080001a6   Section        6  _printf_x.o(.ARM.Collect$$_printf_percent$$0000000C)
    .ARM.Collect$$_printf_percent$$0000000D  0x080001ac   Section        6  _printf_lli.o(.ARM.Collect$$_printf_percent$$0000000D)
    .ARM.Collect$$_printf_percent$$0000000E  0x080001b2   Section        6  _printf_lld.o(.ARM.Collect$$_printf_percent$$0000000E)
    .ARM.Collect$$_printf_percent$$0000000F  0x080001b8   Section        6  _printf_llu.o(.ARM.Collect$$_printf_percent$$0000000F)
    .ARM.Collect$$_printf_percent$$00000010  0x080001be   Section        6  _printf_llo.o(.ARM.Collect$$_printf_percent$$00000010)
    .ARM.Collect$$_printf_percent$$00000011  0x080001c4   Section        6  _printf_llx.o(.ARM.Collect$$_printf_percent$$00000011)
    .ARM.Collect$$_printf_percent$$00000012  0x080001ca   Section       10  _printf_l.o(.ARM.Collect$$_printf_percent$$00000012)
    .ARM.Collect$$_printf_percent$$00000013  0x080001d4   Section        6  _printf_c.o(.ARM.Collect$$_printf_percent$$00000013)
    .ARM.Collect$$_printf_percent$$00000014  0x080001da   Section        6  _printf_s.o(.ARM.Collect$$_printf_percent$$00000014)
    .ARM.Collect$$_printf_percent$$00000015  0x080001e0   Section        6  _printf_lc.o(.ARM.Collect$$_printf_percent$$00000015)
    .ARM.Collect$$_printf_percent$$00000016  0x080001e6   Section        6  _printf_ls.o(.ARM.Collect$$_printf_percent$$00000016)
    .ARM.Collect$$_printf_percent$$00000017  0x080001ec   Section        4  _printf_percent_end.o(.ARM.Collect$$_printf_percent$$00000017)
    .ARM.Collect$$libinit$$00000000          0x080001f0   Section        2  libinit.o(.ARM.Collect$$libinit$$00000000)
    .ARM.Collect$$libinit$$00000002          0x080001f2   Section        0  libinit2.o(.ARM.Collect$$libinit$$00000002)
    .ARM.Collect$$libinit$$00000004          0x080001f2   Section        0  libinit2.o(.ARM.Collect$$libinit$$00000004)
    .ARM.Collect$$libinit$$0000000A          0x080001f2   Section        0  libinit2.o(.ARM.Collect$$libinit$$0000000A)
    .ARM.Collect$$libinit$$0000000C          0x080001f2   Section        0  libinit2.o(.ARM.Collect$$libinit$$0000000C)
    .ARM.Collect$$libinit$$0000000E          0x080001f2   Section        0  libinit2.o(.ARM.Collect$$libinit$$0000000E)
    .ARM.Collect$$libinit$$0000000F          0x080001f2   Section        6  libinit2.o(.ARM.Collect$$libinit$$0000000F)
    .ARM.Collect$$libinit$$00000011          0x080001f8   Section        0  libinit2.o(.ARM.Collect$$libinit$$00000011)
    .ARM.Collect$$libinit$$00000012          0x080001f8   Section       12  libinit2.o(.ARM.Collect$$libinit$$00000012)
    .ARM.Collect$$libinit$$00000013          0x08000204   Section        0  libinit2.o(.ARM.Collect$$libinit$$00000013)
    .ARM.Collect$$libinit$$00000015          0x08000204   Section        0  libinit2.o(.ARM.Collect$$libinit$$00000015)
    .ARM.Collect$$libinit$$00000016          0x08000204   Section       10  libinit2.o(.ARM.Collect$$libinit$$00000016)
    .ARM.Collect$$libinit$$00000017          0x0800020e   Section        0  libinit2.o(.ARM.Collect$$libinit$$00000017)
    .ARM.Collect$$libinit$$00000019          0x0800020e   Section        0  libinit2.o(.ARM.Collect$$libinit$$00000019)
    .ARM.Collect$$libinit$$0000001B          0x0800020e   Section        0  libinit2.o(.ARM.Collect$$libinit$$0000001B)
    .ARM.Collect$$libinit$$0000001D          0x0800020e   Section        0  libinit2.o(.ARM.Collect$$libinit$$0000001D)
    .ARM.Collect$$libinit$$0000001F          0x0800020e   Section        0  libinit2.o(.ARM.Collect$$libinit$$0000001F)
    .ARM.Collect$$libinit$$00000021          0x0800020e   Section        0  libinit2.o(.ARM.Collect$$libinit$$00000021)
    .ARM.Collect$$libinit$$00000023          0x0800020e   Section        0  libinit2.o(.ARM.Collect$$libinit$$00000023)
    .ARM.Collect$$libinit$$00000025          0x0800020e   Section        0  libinit2.o(.ARM.Collect$$libinit$$00000025)
    .ARM.Collect$$libinit$$0000002C          0x0800020e   Section        0  libinit2.o(.ARM.Collect$$libinit$$0000002C)
    .ARM.Collect$$libinit$$0000002E          0x0800020e   Section        0  libinit2.o(.ARM.Collect$$libinit$$0000002E)
    .ARM.Collect$$libinit$$00000030          0x0800020e   Section        0  libinit2.o(.ARM.Collect$$libinit$$00000030)
    .ARM.Collect$$libinit$$00000032          0x0800020e   Section        0  libinit2.o(.ARM.Collect$$libinit$$00000032)
    .ARM.Collect$$libinit$$00000033          0x0800020e   Section        2  libinit2.o(.ARM.Collect$$libinit$$00000033)
    .ARM.Collect$$libshutdown$$00000000      0x08000210   Section        2  libshutdown.o(.ARM.Collect$$libshutdown$$00000000)
    .ARM.Collect$$libshutdown$$00000002      0x08000212   Section        0  libshutdown2.o(.ARM.Collect$$libshutdown$$00000002)
    .ARM.Collect$$libshutdown$$00000004      0x08000212   Section        0  libshutdown2.o(.ARM.Collect$$libshutdown$$00000004)
    .ARM.Collect$$libshutdown$$00000007      0x08000212   Section        0  libshutdown2.o(.ARM.Collect$$libshutdown$$00000007)
    .ARM.Collect$$libshutdown$$0000000A      0x08000212   Section        0  libshutdown2.o(.ARM.Collect$$libshutdown$$0000000A)
    .ARM.Collect$$libshutdown$$0000000C      0x08000212   Section        0  libshutdown2.o(.ARM.Collect$$libshutdown$$0000000C)
    .ARM.Collect$$libshutdown$$0000000F      0x08000212   Section        0  libshutdown2.o(.ARM.Collect$$libshutdown$$0000000F)
    .ARM.Collect$$libshutdown$$00000010      0x08000212   Section        2  libshutdown2.o(.ARM.Collect$$libshutdown$$00000010)
    .ARM.Collect$$rtentry$$00000000          0x08000214   Section        0  __rtentry.o(.ARM.Collect$$rtentry$$00000000)
    .ARM.Collect$$rtentry$$00000002          0x08000214   Section        0  __rtentry2.o(.ARM.Collect$$rtentry$$00000002)
    .ARM.Collect$$rtentry$$00000004          0x08000214   Section        6  __rtentry4.o(.ARM.Collect$$rtentry$$00000004)
    .ARM.Collect$$rtentry$$00000009          0x0800021a   Section        0  __rtentry2.o(.ARM.Collect$$rtentry$$00000009)
    .ARM.Collect$$rtentry$$0000000A          0x0800021a   Section        4  __rtentry2.o(.ARM.Collect$$rtentry$$0000000A)
    .ARM.Collect$$rtentry$$0000000C          0x0800021e   Section        0  __rtentry2.o(.ARM.Collect$$rtentry$$0000000C)
    .ARM.Collect$$rtentry$$0000000D          0x0800021e   Section        8  __rtentry2.o(.ARM.Collect$$rtentry$$0000000D)
    .ARM.Collect$$rtexit$$00000000           0x08000226   Section        2  rtexit.o(.ARM.Collect$$rtexit$$00000000)
    .ARM.Collect$$rtexit$$00000002           0x08000228   Section        0  rtexit2.o(.ARM.Collect$$rtexit$$00000002)
    .ARM.Collect$$rtexit$$00000003           0x08000228   Section        4  rtexit2.o(.ARM.Collect$$rtexit$$00000003)
    .ARM.Collect$$rtexit$$00000004           0x0800022c   Section        6  rtexit2.o(.ARM.Collect$$rtexit$$00000004)
    .text                                    0x08000234   Section       64  startup_stm32f10x_md.o(.text)
    .text                                    0x08000274   Section        0  vsprintf.o(.text)
    .text                                    0x08000298   Section        0  __2sprintf.o(.text)
    .text                                    0x080002c4   Section        0  _printf_str.o(.text)
    .text                                    0x08000318   Section        0  __printf_flags_ss_wp.o(.text)
    .text                                    0x080004a0   Section        0  strstr.o(.text)
    .text                                    0x080004c4   Section        0  strlen.o(.text)
    .text                                    0x08000502   Section        0  heapauxi.o(.text)
    .text                                    0x08000508   Section        0  _printf_pad.o(.text)
    .text                                    0x08000556   Section        0  _printf_truncate.o(.text)
    .text                                    0x0800057c   Section        0  _printf_dec.o(.text)
    .text                                    0x080005f4   Section        0  _printf_charcount.o(.text)
    _printf_input_char                       0x0800061d   Thumb Code    10  _printf_char_common.o(.text)
    .text                                    0x0800061c   Section        0  _printf_char_common.o(.text)
    .text                                    0x0800064c   Section        0  _sputc.o(.text)
    .text                                    0x08000656   Section        0  _printf_char.o(.text)
    .text                                    0x08000684   Section        0  _printf_wctomb.o(.text)
    .text                                    0x08000740   Section        0  _printf_longlong_dec.o(.text)
    _printf_longlong_oct_internal            0x080007bd   Thumb Code     0  _printf_oct_int_ll.o(.text)
    .text                                    0x080007bc   Section        0  _printf_oct_int_ll.o(.text)
    _printf_hex_common                       0x0800082d   Thumb Code     0  _printf_hex_int_ll_ptr.o(.text)
    .text                                    0x0800082c   Section        0  _printf_hex_int_ll_ptr.o(.text)
    .text                                    0x080008c0   Section      138  lludiv10.o(.text)
    .text                                    0x0800094a   Section        0  _printf_intcommon.o(.text)
    _fp_digits                               0x080009fd   Thumb Code   432  _printf_fp_dec.o(.text)
    .text                                    0x080009fc   Section        0  _printf_fp_dec.o(.text)
    .text                                    0x08000e18   Section        0  _printf_fp_hex.o(.text)
    .text                                    0x08001114   Section        0  _printf_wchar.o(.text)
    .text                                    0x08001140   Section        0  _c16rtomb.o(.text)
    .text                                    0x08001188   Section       74  sys_stackheap_outer.o(.text)
    .text                                    0x080011d4   Section       16  rt_ctype_table.o(.text)
    .text                                    0x080011e4   Section        8  rt_locale_intlibspace.o(.text)
    .text                                    0x080011ec   Section        0  _printf_fp_infnan.o(.text)
    .text                                    0x0800126c   Section        0  bigflt0.o(.text)
    .text                                    0x08001350   Section        0  exit.o(.text)
    .text                                    0x08001364   Section        8  libspace.o(.text)
    .text                                    0x0800136c   Section      128  strcmpv7m.o(.text)
    .text                                    0x080013ec   Section        0  sys_exit.o(.text)
    .text                                    0x080013f8   Section        2  use_no_semi.o(.text)
    .text                                    0x080013fa   Section        0  indicate_semi.o(.text)
    SetSysClock                              0x080013fd   Thumb Code     8  system_stm32f10x.o(.text.SetSysClock)
    [Anonymous Symbol]                       0x080013fc   Section        0  system_stm32f10x.o(.text.SetSysClock)
    SetSysClockTo72                          0x08001405   Thumb Code   190  system_stm32f10x.o(.text.SetSysClockTo72)
    [Anonymous Symbol]                       0x08001404   Section        0  system_stm32f10x.o(.text.SetSysClockTo72)
    SysTick_Config                           0x080014c5   Thumb Code    36  main.o(.text.SysTick_Config)
    [Anonymous Symbol]                       0x080014c4   Section        0  main.o(.text.SysTick_Config)
    [Anonymous Symbol]                       0x080014e8   Section        0  main.o(.text.SysTick_Handler)
    [Anonymous Symbol]                       0x080014f8   Section        0  system_stm32f10x.o(.text.SystemInit)
    [Anonymous Symbol]                       0x08001550   Section        0  main.o(.text.TIM2_IRQHandler)
    [Anonymous Symbol]                       0x08001690   Section        0  main.o(.text.TIM4_IRQHandler)
    [Anonymous Symbol]                       0x080016b8   Section        0  uart.o(.text.USART1_IRQHandler)
    __NVIC_EnableIRQ                         0x080016fd   Thumb Code    14  uart.o(.text.__NVIC_EnableIRQ)
    [Anonymous Symbol]                       0x080016fc   Section        0  uart.o(.text.__NVIC_EnableIRQ)
    __NVIC_EnableIRQ                         0x0800170d   Thumb Code    32  timer.o(.text.__NVIC_EnableIRQ)
    [Anonymous Symbol]                       0x0800170c   Section        0  timer.o(.text.__NVIC_EnableIRQ)
    __NVIC_SetPriority                       0x0800172d   Thumb Code    14  main.o(.text.__NVIC_SetPriority)
    [Anonymous Symbol]                       0x0800172c   Section        0  main.o(.text.__NVIC_SetPriority)
    [Anonymous Symbol]                       0x0800173c   Section        0  main.o(.text.delayMs)
    [Anonymous Symbol]                       0x08001764   Section        0  main.o(.text.delayUs)
    [Anonymous Symbol]                       0x08001790   Section        0  rcc.o(.text.enableClockForAltFunc)
    [Anonymous Symbol]                       0x080017a4   Section        0  rcc.o(.text.enableClockForPort)
    [Anonymous Symbol]                       0x080017dc   Section        0  rcc.o(.text.enableClockForTimer2)
    [Anonymous Symbol]                       0x080017f0   Section        0  rcc.o(.text.enableClockForTimer3)
    [Anonymous Symbol]                       0x08001804   Section        0  rcc.o(.text.enableClockForTimer4)
    [Anonymous Symbol]                       0x08001818   Section        0  rcc.o(.text.enableClockForUART1)
    initClock                                0x0800182d   Thumb Code    46  main.o(.text.initClock)
    [Anonymous Symbol]                       0x0800182c   Section        0  main.o(.text.initClock)
    [Anonymous Symbol]                       0x0800185c   Section        0  _hal_gpio.o(.text.initGPIO)
    initGPIOs                                0x08001b29   Thumb Code   130  main.o(.text.initGPIOs)
    [Anonymous Symbol]                       0x08001b28   Section        0  main.o(.text.initGPIOs)
    [Anonymous Symbol]                       0x08001bac   Section        0  timer.o(.text.initTimer4)
    [Anonymous Symbol]                       0x08001be8   Section        0  uart.o(.text.initUSART1)
    [Anonymous Symbol]                       0x08001c24   Section        0  main.o(.text.main)
    [Anonymous Symbol]                       0x08001d48   Section        0  _hal_gpio.o(.text.readPin)
    [Anonymous Symbol]                       0x08001d58   Section        0  uart.o(.text.sendString)
    startButton                              0x08001de1   Thumb Code    52  main.o(.text.startButton)
    [Anonymous Symbol]                       0x08001de0   Section        0  main.o(.text.startButton)
    [Anonymous Symbol]                       0x08001e14   Section        0  uart.o(.text.storeChar)
    [Anonymous Symbol]                       0x08001e28   Section        0  _hal_gpio.o(.text.togglePin)
    [Anonymous Symbol]                       0x08001e38   Section        0  uart.o(.text.waitFor)
    CL$$btod_d2e                             0x08001e50   Section       62  btod.o(CL$$btod_d2e)
    CL$$btod_d2e_denorm_low                  0x08001e8e   Section       70  btod.o(CL$$btod_d2e_denorm_low)
    CL$$btod_d2e_norm_op1                    0x08001ed4   Section       96  btod.o(CL$$btod_d2e_norm_op1)
    CL$$btod_div_common                      0x08001f34   Section      824  btod.o(CL$$btod_div_common)
    CL$$btod_e2e                             0x0800226c   Section      220  btod.o(CL$$btod_e2e)
    CL$$btod_ediv                            0x08002348   Section       42  btod.o(CL$$btod_ediv)
    CL$$btod_emul                            0x08002372   Section       42  btod.o(CL$$btod_emul)
    CL$$btod_mult_common                     0x0800239c   Section      580  btod.o(CL$$btod_mult_common)
    i.__ARM_fpclassify                       0x080025e0   Section        0  fpclassify.o(i.__ARM_fpclassify)
    i._is_digit                              0x08002608   Section        0  __printf_wp.o(i._is_digit)
    locale$$code                             0x08002618   Section       44  lc_numeric_c.o(locale$$code)
    locale$$code                             0x08002644   Section       44  lc_ctype_c.o(locale$$code)
    x$fpl$fadd                               0x08002670   Section      196  faddsub_clz.o(x$fpl$fadd)
    _fadd1                                   0x0800267f   Thumb Code     0  faddsub_clz.o(x$fpl$fadd)
    x$fpl$ffixu                              0x08002734   Section       62  ffixu.o(x$fpl$ffixu)
    x$fpl$fnaninf                            0x08002772   Section      140  fnaninf.o(x$fpl$fnaninf)
    x$fpl$fretinf                            0x080027fe   Section       10  fretinf.o(x$fpl$fretinf)
    x$fpl$fsub                               0x08002808   Section      234  faddsub_clz.o(x$fpl$fsub)
    _fsub1                                   0x08002817   Thumb Code     0  faddsub_clz.o(x$fpl$fsub)
    x$fpl$printf1                            0x080028f2   Section        4  printf1.o(x$fpl$printf1)
    x$fpl$printf2                            0x080028f6   Section        4  printf2.o(x$fpl$printf2)
    maptable                                 0x080028fa   Data          17  __printf_flags_ss_wp.o(.constdata)
    .constdata                               0x080028fa   Section       17  __printf_flags_ss_wp.o(.constdata)
    x$fpl$usenofp                            0x080028fa   Section        0  usenofp.o(x$fpl$usenofp)
    initial_mbstate                          0x0800290c   Data           8  _printf_wctomb.o(.constdata)
    .constdata                               0x0800290c   Section        8  _printf_wctomb.o(.constdata)
    uc_hextab                                0x08002914   Data          20  _printf_hex_int_ll_ptr.o(.constdata)
    .constdata                               0x08002914   Section       40  _printf_hex_int_ll_ptr.o(.constdata)
    lc_hextab                                0x08002928   Data          20  _printf_hex_int_ll_ptr.o(.constdata)
    lc_hextab                                0x0800293c   Data          19  _printf_fp_hex.o(.constdata)
    .constdata                               0x0800293c   Section       38  _printf_fp_hex.o(.constdata)
    uc_hextab                                0x0800294f   Data          19  _printf_fp_hex.o(.constdata)
    tenpwrs_x                                0x08002964   Data          60  bigflt0.o(.constdata)
    .constdata                               0x08002964   Section      148  bigflt0.o(.constdata)
    tenpwrs_i                                0x080029a0   Data          64  bigflt0.o(.constdata)
    CNF_BIT0                                 0x080029f8   Data          64  _hal_gpio.o(.rodata.CNF_BIT0)
    [Anonymous Symbol]                       0x080029f8   Section        0  _hal_gpio.o(.rodata.CNF_BIT0)
    MODE_BIT0                                0x08002a38   Data          64  _hal_gpio.o(.rodata.MODE_BIT0)
    [Anonymous Symbol]                       0x08002a38   Section        0  _hal_gpio.o(.rodata.MODE_BIT0)
    .L.str.1                                 0x08002a78   Data           5  main.o(.rodata.str1.1)
    [Anonymous Symbol]                       0x08002a78   Section        0  main.o(.rodata.str1.1)
    locale$$data                             0x08002aa0   Section       28  lc_numeric_c.o(locale$$data)
    __lcnum_c_name                           0x08002aa4   Data           2  lc_numeric_c.o(locale$$data)
    __lcnum_c_start                          0x08002aac   Data           0  lc_numeric_c.o(locale$$data)
    __lcnum_c_point                          0x08002ab8   Data           0  lc_numeric_c.o(locale$$data)
    __lcnum_c_thousands                      0x08002aba   Data           0  lc_numeric_c.o(locale$$data)
    __lcnum_c_grouping                       0x08002abb   Data           0  lc_numeric_c.o(locale$$data)
    __lcnum_c_end                            0x08002abc   Data           0  lc_numeric_c.o(locale$$data)
    locale$$data                             0x08002abc   Section      272  lc_ctype_c.o(locale$$data)
    __lcctype_c_name                         0x08002ac0   Data           2  lc_ctype_c.o(locale$$data)
    __lcctype_c_start                        0x08002ac8   Data           0  lc_ctype_c.o(locale$$data)
    __lcctype_c_end                          0x08002bcc   Data           0  lc_ctype_c.o(locale$$data)
    .bss                                     0x20000008   Section       96  libspace.o(.bss)
    my_tick                                  0x2000006c   Data           4  main.o(.bss.my_tick)
    [Anonymous Symbol]                       0x2000006c   Section        0  main.o(.bss.my_tick)
    step_x10                                 0x20000164   Data           4  main.o(.bss.step_x10)
    [Anonymous Symbol]                       0x20000164   Section        0  main.o(.bss.step_x10)
    step_x_i10                               0x20000168   Data           4  main.o(.bss.step_x_i10)
    [Anonymous Symbol]                       0x20000168   Section        0  main.o(.bss.step_x_i10)
    step_y10                                 0x2000016c   Data           4  main.o(.bss.step_y10)
    [Anonymous Symbol]                       0x2000016c   Section        0  main.o(.bss.step_y10)
    step_y_i10                               0x20000170   Data           4  main.o(.bss.step_y_i10)
    [Anonymous Symbol]                       0x20000170   Section        0  main.o(.bss.step_y_i10)
    sys_tick                                 0x20000174   Data           4  main.o(.bss.sys_tick)
    [Anonymous Symbol]                       0x20000174   Section        0  main.o(.bss.sys_tick)
    tim4_tick                                0x20000178   Data           4  main.o(.bss.tim4_tick)
    [Anonymous Symbol]                       0x20000178   Section        0  main.o(.bss.tim4_tick)
    time                                     0x2000017c   Data           4  main.o(.bss.time)
    [Anonymous Symbol]                       0x2000017c   Section        0  main.o(.bss.time)
    x_only                                   0x20000270   Data           1  main.o(.bss.x_only)
    [Anonymous Symbol]                       0x20000270   Section        0  main.o(.bss.x_only)
    y_only                                   0x20000271   Data           1  main.o(.bss.y_only)
    [Anonymous Symbol]                       0x20000271   Section        0  main.o(.bss.y_only)
    Heap_Mem                                 0x20000278   Data         512  startup_stm32f10x_md.o(HEAP)
    HEAP                                     0x20000278   Section      512  startup_stm32f10x_md.o(HEAP)
    Stack_Mem                                0x20000478   Data        1024  startup_stm32f10x_md.o(STACK)
    STACK                                    0x20000478   Section     1024  startup_stm32f10x_md.o(STACK)
    __initial_sp                             0x20000878   Data           0  startup_stm32f10x_md.o(STACK)

    Global Symbols

    Symbol Name                              Value     Ov Type        Size  Object(Section)

    BuildAttributes$$THM_ISAv4$P$D$K$B$S$PE$A:L22UL41UL21$X:L11$S22US41US21$IEEE1$IW$~IW$USESV6$~STKCKD$USESV7$~SHL$OTIME$ROPI$IEEEJ$EBA8$UX$STANDARDLIB$REQ8$PRES8$EABIv2 0x00000000   Number         0  anon$$obj.o ABSOLUTE
    __fp_init_empty                          0x00000000   Number         0  fpinit_empty.o ABSOLUTE
    _printf_flags                            0x00000000   Number         0  printf_stubs.o ABSOLUTE
    _printf_return_value                     0x00000000   Number         0  printf_stubs.o ABSOLUTE
    _printf_sizespec                         0x00000000   Number         0  printf_stubs.o ABSOLUTE
    _printf_widthprec                        0x00000000   Number         0  printf_stubs.o ABSOLUTE
    __ARM_exceptions_init                     - Undefined Weak Reference
    __alloca_initialize                       - Undefined Weak Reference
    __arm_preinit_                            - Undefined Weak Reference
    __cpp_initialize__aeabi_                  - Undefined Weak Reference
    __cxa_finalize                            - Undefined Weak Reference
    __sigvec_lookup                           - Undefined Weak Reference
    _atexit_init                              - Undefined Weak Reference
    _call_atexit_fns                          - Undefined Weak Reference
    _clock_init                               - Undefined Weak Reference
    _fp_trap_init                             - Undefined Weak Reference
    _fp_trap_shutdown                         - Undefined Weak Reference
    _get_lc_collate                           - Undefined Weak Reference
    _get_lc_monetary                          - Undefined Weak Reference
    _get_lc_time                              - Undefined Weak Reference
    _getenv_init                              - Undefined Weak Reference
    _handle_redirection                       - Undefined Weak Reference
    _init_alloc                               - Undefined Weak Reference
    _init_user_alloc                          - Undefined Weak Reference
    _initio                                   - Undefined Weak Reference
    _printf_mbtowc                            - Undefined Weak Reference
    _printf_wc                                - Undefined Weak Reference
    _rand_init                                - Undefined Weak Reference
    _signal_finish                            - Undefined Weak Reference
    _signal_init                              - Undefined Weak Reference
    _terminate_alloc                          - Undefined Weak Reference
    _terminate_user_alloc                     - Undefined Weak Reference
    _terminateio                              - Undefined Weak Reference
    __Vectors_Size                           0x000000ec   Number         0  startup_stm32f10x_md.o ABSOLUTE
    __Vectors                                0x08000000   Data           4  startup_stm32f10x_md.o(RESET)
    __Vectors_End                            0x080000ec   Data           0  startup_stm32f10x_md.o(RESET)
    __main                                   0x080000ed   Thumb Code     8  __main.o(!!!main)
    __scatterload                            0x080000f5   Thumb Code     0  __scatter.o(!!!scatter)
    __scatterload_rt2                        0x080000f5   Thumb Code    44  __scatter.o(!!!scatter)
    __scatterload_rt2_thumb_only             0x080000f5   Thumb Code     0  __scatter.o(!!!scatter)
    __scatterload_null                       0x08000103   Thumb Code     0  __scatter.o(!!!scatter)
    __scatterload_copy                       0x08000129   Thumb Code    26  __scatter_copy.o(!!handler_copy)
    __scatterload_zeroinit                   0x08000145   Thumb Code    28  __scatter_zi.o(!!handler_zi)
    _printf_n                                0x08000161   Thumb Code     0  _printf_n.o(.ARM.Collect$$_printf_percent$$00000001)
    _printf_percent                          0x08000161   Thumb Code     0  _printf_percent.o(.ARM.Collect$$_printf_percent$$00000000)
    _printf_p                                0x08000167   Thumb Code     0  _printf_p.o(.ARM.Collect$$_printf_percent$$00000002)
    _printf_f                                0x0800016d   Thumb Code     0  _printf_f.o(.ARM.Collect$$_printf_percent$$00000003)
    _printf_e                                0x08000173   Thumb Code     0  _printf_e.o(.ARM.Collect$$_printf_percent$$00000004)
    _printf_g                                0x08000179   Thumb Code     0  _printf_g.o(.ARM.Collect$$_printf_percent$$00000005)
    _printf_a                                0x0800017f   Thumb Code     0  _printf_a.o(.ARM.Collect$$_printf_percent$$00000006)
    _printf_ll                               0x08000185   Thumb Code     0  _printf_ll.o(.ARM.Collect$$_printf_percent$$00000007)
    _printf_i                                0x0800018f   Thumb Code     0  _printf_i.o(.ARM.Collect$$_printf_percent$$00000008)
    _printf_d                                0x08000195   Thumb Code     0  _printf_d.o(.ARM.Collect$$_printf_percent$$00000009)
    _printf_u                                0x0800019b   Thumb Code     0  _printf_u.o(.ARM.Collect$$_printf_percent$$0000000A)
    _printf_o                                0x080001a1   Thumb Code     0  _printf_o.o(.ARM.Collect$$_printf_percent$$0000000B)
    _printf_x                                0x080001a7   Thumb Code     0  _printf_x.o(.ARM.Collect$$_printf_percent$$0000000C)
    _printf_lli                              0x080001ad   Thumb Code     0  _printf_lli.o(.ARM.Collect$$_printf_percent$$0000000D)
    _printf_lld                              0x080001b3   Thumb Code     0  _printf_lld.o(.ARM.Collect$$_printf_percent$$0000000E)
    _printf_llu                              0x080001b9   Thumb Code     0  _printf_llu.o(.ARM.Collect$$_printf_percent$$0000000F)
    _printf_llo                              0x080001bf   Thumb Code     0  _printf_llo.o(.ARM.Collect$$_printf_percent$$00000010)
    _printf_llx                              0x080001c5   Thumb Code     0  _printf_llx.o(.ARM.Collect$$_printf_percent$$00000011)
    _printf_l                                0x080001cb   Thumb Code     0  _printf_l.o(.ARM.Collect$$_printf_percent$$00000012)
    _printf_c                                0x080001d5   Thumb Code     0  _printf_c.o(.ARM.Collect$$_printf_percent$$00000013)
    _printf_s                                0x080001db   Thumb Code     0  _printf_s.o(.ARM.Collect$$_printf_percent$$00000014)
    _printf_lc                               0x080001e1   Thumb Code     0  _printf_lc.o(.ARM.Collect$$_printf_percent$$00000015)
    _printf_ls                               0x080001e7   Thumb Code     0  _printf_ls.o(.ARM.Collect$$_printf_percent$$00000016)
    _printf_percent_end                      0x080001ed   Thumb Code     0  _printf_percent_end.o(.ARM.Collect$$_printf_percent$$00000017)
    __rt_lib_init                            0x080001f1   Thumb Code     0  libinit.o(.ARM.Collect$$libinit$$00000000)
    __rt_lib_init_fp_1                       0x080001f3   Thumb Code     0  libinit2.o(.ARM.Collect$$libinit$$00000002)
    __rt_lib_init_heap_1                     0x080001f3   Thumb Code     0  libinit2.o(.ARM.Collect$$libinit$$0000000A)
    __rt_lib_init_lc_common                  0x080001f3   Thumb Code     0  libinit2.o(.ARM.Collect$$libinit$$0000000F)
    __rt_lib_init_preinit_1                  0x080001f3   Thumb Code     0  libinit2.o(.ARM.Collect$$libinit$$00000004)
    __rt_lib_init_rand_1                     0x080001f3   Thumb Code     0  libinit2.o(.ARM.Collect$$libinit$$0000000E)
    __rt_lib_init_user_alloc_1               0x080001f3   Thumb Code     0  libinit2.o(.ARM.Collect$$libinit$$0000000C)
    __rt_lib_init_lc_collate_1               0x080001f9   Thumb Code     0  libinit2.o(.ARM.Collect$$libinit$$00000011)
    __rt_lib_init_lc_ctype_2                 0x080001f9   Thumb Code     0  libinit2.o(.ARM.Collect$$libinit$$00000012)
    __rt_lib_init_lc_ctype_1                 0x08000205   Thumb Code     0  libinit2.o(.ARM.Collect$$libinit$$00000013)
    __rt_lib_init_lc_monetary_1              0x08000205   Thumb Code     0  libinit2.o(.ARM.Collect$$libinit$$00000015)
    __rt_lib_init_lc_numeric_2               0x08000205   Thumb Code     0  libinit2.o(.ARM.Collect$$libinit$$00000016)
    __rt_lib_init_alloca_1                   0x0800020f   Thumb Code     0  libinit2.o(.ARM.Collect$$libinit$$0000002E)
    __rt_lib_init_argv_1                     0x0800020f   Thumb Code     0  libinit2.o(.ARM.Collect$$libinit$$0000002C)
    __rt_lib_init_atexit_1                   0x0800020f   Thumb Code     0  libinit2.o(.ARM.Collect$$libinit$$0000001B)
    __rt_lib_init_clock_1                    0x0800020f   Thumb Code     0  libinit2.o(.ARM.Collect$$libinit$$00000021)
    __rt_lib_init_cpp_1                      0x0800020f   Thumb Code     0  libinit2.o(.ARM.Collect$$libinit$$00000032)
    __rt_lib_init_exceptions_1               0x0800020f   Thumb Code     0  libinit2.o(.ARM.Collect$$libinit$$00000030)
    __rt_lib_init_fp_trap_1                  0x0800020f   Thumb Code     0  libinit2.o(.ARM.Collect$$libinit$$0000001F)
    __rt_lib_init_getenv_1                   0x0800020f   Thumb Code     0  libinit2.o(.ARM.Collect$$libinit$$00000023)
    __rt_lib_init_lc_numeric_1               0x0800020f   Thumb Code     0  libinit2.o(.ARM.Collect$$libinit$$00000017)
    __rt_lib_init_lc_time_1                  0x0800020f   Thumb Code     0  libinit2.o(.ARM.Collect$$libinit$$00000019)
    __rt_lib_init_return                     0x0800020f   Thumb Code     0  libinit2.o(.ARM.Collect$$libinit$$00000033)
    __rt_lib_init_signal_1                   0x0800020f   Thumb Code     0  libinit2.o(.ARM.Collect$$libinit$$0000001D)
    __rt_lib_init_stdio_1                    0x0800020f   Thumb Code     0  libinit2.o(.ARM.Collect$$libinit$$00000025)
    __rt_lib_shutdown                        0x08000211   Thumb Code     0  libshutdown.o(.ARM.Collect$$libshutdown$$00000000)
    __rt_lib_shutdown_cpp_1                  0x08000213   Thumb Code     0  libshutdown2.o(.ARM.Collect$$libshutdown$$00000002)
    __rt_lib_shutdown_fp_trap_1              0x08000213   Thumb Code     0  libshutdown2.o(.ARM.Collect$$libshutdown$$00000007)
    __rt_lib_shutdown_heap_1                 0x08000213   Thumb Code     0  libshutdown2.o(.ARM.Collect$$libshutdown$$0000000F)
    __rt_lib_shutdown_return                 0x08000213   Thumb Code     0  libshutdown2.o(.ARM.Collect$$libshutdown$$00000010)
    __rt_lib_shutdown_signal_1               0x08000213   Thumb Code     0  libshutdown2.o(.ARM.Collect$$libshutdown$$0000000A)
    __rt_lib_shutdown_stdio_1                0x08000213   Thumb Code     0  libshutdown2.o(.ARM.Collect$$libshutdown$$00000004)
    __rt_lib_shutdown_user_alloc_1           0x08000213   Thumb Code     0  libshutdown2.o(.ARM.Collect$$libshutdown$$0000000C)
    __rt_entry                               0x08000215   Thumb Code     0  __rtentry.o(.ARM.Collect$$rtentry$$00000000)
    __rt_entry_presh_1                       0x08000215   Thumb Code     0  __rtentry2.o(.ARM.Collect$$rtentry$$00000002)
    __rt_entry_sh                            0x08000215   Thumb Code     0  __rtentry4.o(.ARM.Collect$$rtentry$$00000004)
    __rt_entry_li                            0x0800021b   Thumb Code     0  __rtentry2.o(.ARM.Collect$$rtentry$$0000000A)
    __rt_entry_postsh_1                      0x0800021b   Thumb Code     0  __rtentry2.o(.ARM.Collect$$rtentry$$00000009)
    __rt_entry_main                          0x0800021f   Thumb Code     0  __rtentry2.o(.ARM.Collect$$rtentry$$0000000D)
    __rt_entry_postli_1                      0x0800021f   Thumb Code     0  __rtentry2.o(.ARM.Collect$$rtentry$$0000000C)
    __rt_exit                                0x08000227   Thumb Code     0  rtexit.o(.ARM.Collect$$rtexit$$00000000)
    __rt_exit_ls                             0x08000229   Thumb Code     0  rtexit2.o(.ARM.Collect$$rtexit$$00000003)
    __rt_exit_prels_1                        0x08000229   Thumb Code     0  rtexit2.o(.ARM.Collect$$rtexit$$00000002)
    __rt_exit_exit                           0x0800022d   Thumb Code     0  rtexit2.o(.ARM.Collect$$rtexit$$00000004)
    Reset_Handler                            0x08000235   Thumb Code     8  startup_stm32f10x_md.o(.text)
    NMI_Handler                              0x0800023d   Thumb Code     2  startup_stm32f10x_md.o(.text)
    HardFault_Handler                        0x0800023f   Thumb Code     2  startup_stm32f10x_md.o(.text)
    MemManage_Handler                        0x08000241   Thumb Code     2  startup_stm32f10x_md.o(.text)
    BusFault_Handler                         0x08000243   Thumb Code     2  startup_stm32f10x_md.o(.text)
    UsageFault_Handler                       0x08000245   Thumb Code     2  startup_stm32f10x_md.o(.text)
    SVC_Handler                              0x08000247   Thumb Code     2  startup_stm32f10x_md.o(.text)
    DebugMon_Handler                         0x08000249   Thumb Code     2  startup_stm32f10x_md.o(.text)
    PendSV_Handler                           0x0800024b   Thumb Code     2  startup_stm32f10x_md.o(.text)
    ADC1_2_IRQHandler                        0x0800024f   Thumb Code     0  startup_stm32f10x_md.o(.text)
    CAN1_RX1_IRQHandler                      0x0800024f   Thumb Code     0  startup_stm32f10x_md.o(.text)
    CAN1_SCE_IRQHandler                      0x0800024f   Thumb Code     0  startup_stm32f10x_md.o(.text)
    DMA1_Channel1_IRQHandler                 0x0800024f   Thumb Code     0  startup_stm32f10x_md.o(.text)
    DMA1_Channel2_IRQHandler                 0x0800024f   Thumb Code     0  startup_stm32f10x_md.o(.text)
    DMA1_Channel3_IRQHandler                 0x0800024f   Thumb Code     0  startup_stm32f10x_md.o(.text)
    DMA1_Channel4_IRQHandler                 0x0800024f   Thumb Code     0  startup_stm32f10x_md.o(.text)
    DMA1_Channel5_IRQHandler                 0x0800024f   Thumb Code     0  startup_stm32f10x_md.o(.text)
    DMA1_Channel6_IRQHandler                 0x0800024f   Thumb Code     0  startup_stm32f10x_md.o(.text)
    DMA1_Channel7_IRQHandler                 0x0800024f   Thumb Code     0  startup_stm32f10x_md.o(.text)
    EXTI0_IRQHandler                         0x0800024f   Thumb Code     0  startup_stm32f10x_md.o(.text)
    EXTI15_10_IRQHandler                     0x0800024f   Thumb Code     0  startup_stm32f10x_md.o(.text)
    EXTI1_IRQHandler                         0x0800024f   Thumb Code     0  startup_stm32f10x_md.o(.text)
    EXTI2_IRQHandler                         0x0800024f   Thumb Code     0  startup_stm32f10x_md.o(.text)
    EXTI3_IRQHandler                         0x0800024f   Thumb Code     0  startup_stm32f10x_md.o(.text)
    EXTI4_IRQHandler                         0x0800024f   Thumb Code     0  startup_stm32f10x_md.o(.text)
    EXTI9_5_IRQHandler                       0x0800024f   Thumb Code     0  startup_stm32f10x_md.o(.text)
    FLASH_IRQHandler                         0x0800024f   Thumb Code     0  startup_stm32f10x_md.o(.text)
    I2C1_ER_IRQHandler                       0x0800024f   Thumb Code     0  startup_stm32f10x_md.o(.text)
    I2C1_EV_IRQHandler                       0x0800024f   Thumb Code     0  startup_stm32f10x_md.o(.text)
    I2C2_ER_IRQHandler                       0x0800024f   Thumb Code     0  startup_stm32f10x_md.o(.text)
    I2C2_EV_IRQHandler                       0x0800024f   Thumb Code     0  startup_stm32f10x_md.o(.text)
    PVD_IRQHandler                           0x0800024f   Thumb Code     0  startup_stm32f10x_md.o(.text)
    RCC_IRQHandler                           0x0800024f   Thumb Code     0  startup_stm32f10x_md.o(.text)
    RTCAlarm_IRQHandler                      0x0800024f   Thumb Code     0  startup_stm32f10x_md.o(.text)
    RTC_IRQHandler                           0x0800024f   Thumb Code     0  startup_stm32f10x_md.o(.text)
    SPI1_IRQHandler                          0x0800024f   Thumb Code     0  startup_stm32f10x_md.o(.text)
    SPI2_IRQHandler                          0x0800024f   Thumb Code     0  startup_stm32f10x_md.o(.text)
    TAMPER_IRQHandler                        0x0800024f   Thumb Code     0  startup_stm32f10x_md.o(.text)
    TIM1_BRK_IRQHandler                      0x0800024f   Thumb Code     0  startup_stm32f10x_md.o(.text)
    TIM1_CC_IRQHandler                       0x0800024f   Thumb Code     0  startup_stm32f10x_md.o(.text)
    TIM1_TRG_COM_IRQHandler                  0x0800024f   Thumb Code     0  startup_stm32f10x_md.o(.text)
    TIM1_UP_IRQHandler                       0x0800024f   Thumb Code     0  startup_stm32f10x_md.o(.text)
    TIM3_IRQHandler                          0x0800024f   Thumb Code     0  startup_stm32f10x_md.o(.text)
    USART2_IRQHandler                        0x0800024f   Thumb Code     0  startup_stm32f10x_md.o(.text)
    USART3_IRQHandler                        0x0800024f   Thumb Code     0  startup_stm32f10x_md.o(.text)
    USBWakeUp_IRQHandler                     0x0800024f   Thumb Code     0  startup_stm32f10x_md.o(.text)
    USB_HP_CAN1_TX_IRQHandler                0x0800024f   Thumb Code     0  startup_stm32f10x_md.o(.text)
    USB_LP_CAN1_RX0_IRQHandler               0x0800024f   Thumb Code     0  startup_stm32f10x_md.o(.text)
    WWDG_IRQHandler                          0x0800024f   Thumb Code     0  startup_stm32f10x_md.o(.text)
    __user_initial_stackheap                 0x08000251   Thumb Code     0  startup_stm32f10x_md.o(.text)
    vsprintf                                 0x08000275   Thumb Code    32  vsprintf.o(.text)
    __2sprintf                               0x08000299   Thumb Code    38  __2sprintf.o(.text)
    _printf_str                              0x080002c5   Thumb Code    82  _printf_str.o(.text)
    __printf                                 0x08000319   Thumb Code   388  __printf_flags_ss_wp.o(.text)
    strstr                                   0x080004a1   Thumb Code    36  strstr.o(.text)
    strlen                                   0x080004c5   Thumb Code    62  strlen.o(.text)
    __use_two_region_memory                  0x08000503   Thumb Code     2  heapauxi.o(.text)
    __rt_heap_escrow$2region                 0x08000505   Thumb Code     2  heapauxi.o(.text)
    __rt_heap_expand$2region                 0x08000507   Thumb Code     2  heapauxi.o(.text)
    _printf_pre_padding                      0x08000509   Thumb Code    44  _printf_pad.o(.text)
    _printf_post_padding                     0x08000535   Thumb Code    34  _printf_pad.o(.text)
    _printf_truncate_signed                  0x08000557   Thumb Code    18  _printf_truncate.o(.text)
    _printf_truncate_unsigned                0x08000569   Thumb Code    18  _printf_truncate.o(.text)
    _printf_int_dec                          0x0800057d   Thumb Code   104  _printf_dec.o(.text)
    _printf_charcount                        0x080005f5   Thumb Code    40  _printf_charcount.o(.text)
    _printf_char_common                      0x08000627   Thumb Code    32  _printf_char_common.o(.text)
    _sputc                                   0x0800064d   Thumb Code    10  _sputc.o(.text)
    _printf_cs_common                        0x08000657   Thumb Code    20  _printf_char.o(.text)
    _printf_char                             0x0800066b   Thumb Code    16  _printf_char.o(.text)
    _printf_string                           0x0800067b   Thumb Code     8  _printf_char.o(.text)
    _printf_wctomb                           0x08000685   Thumb Code   182  _printf_wctomb.o(.text)
    _printf_longlong_dec                     0x08000741   Thumb Code   108  _printf_longlong_dec.o(.text)
    _printf_longlong_oct                     0x080007bd   Thumb Code    68  _printf_oct_int_ll.o(.text)
    _printf_int_oct                          0x08000801   Thumb Code    24  _printf_oct_int_ll.o(.text)
    _printf_ll_oct                           0x08000819   Thumb Code    12  _printf_oct_int_ll.o(.text)
    _printf_longlong_hex                     0x0800082d   Thumb Code    86  _printf_hex_int_ll_ptr.o(.text)
    _printf_int_hex                          0x08000883   Thumb Code    28  _printf_hex_int_ll_ptr.o(.text)
    _printf_ll_hex                           0x0800089f   Thumb Code    12  _printf_hex_int_ll_ptr.o(.text)
    _printf_hex_ptr                          0x080008ab   Thumb Code    18  _printf_hex_int_ll_ptr.o(.text)
    _ll_udiv10                               0x080008c1   Thumb Code   138  lludiv10.o(.text)
    _printf_int_common                       0x0800094b   Thumb Code   178  _printf_intcommon.o(.text)
    _printf_fp_dec_real                      0x08000bad   Thumb Code   620  _printf_fp_dec.o(.text)
    _printf_fp_hex_real                      0x08000e19   Thumb Code   756  _printf_fp_hex.o(.text)
    _printf_lcs_common                       0x08001115   Thumb Code    20  _printf_wchar.o(.text)
    _printf_wchar                            0x08001129   Thumb Code    16  _printf_wchar.o(.text)
    _printf_wstring                          0x08001139   Thumb Code     8  _printf_wchar.o(.text)
    _c16rtomb                                0x08001141   Thumb Code    72  _c16rtomb.o(.text)
    _wcrtomb                                 0x08001141   Thumb Code     0  _c16rtomb.o(.text)
    __user_setup_stackheap                   0x08001189   Thumb Code    74  sys_stackheap_outer.o(.text)
    __rt_ctype_table                         0x080011d5   Thumb Code    16  rt_ctype_table.o(.text)
    __rt_locale                              0x080011e5   Thumb Code     8  rt_locale_intlibspace.o(.text)
    _printf_fp_infnan                        0x080011ed   Thumb Code   112  _printf_fp_infnan.o(.text)
    _btod_etento                             0x0800126d   Thumb Code   224  bigflt0.o(.text)
    exit                                     0x08001351   Thumb Code    18  exit.o(.text)
    __user_libspace                          0x08001365   Thumb Code     8  libspace.o(.text)
    __user_perproc_libspace                  0x08001365   Thumb Code     0  libspace.o(.text)
    __user_perthread_libspace                0x08001365   Thumb Code     0  libspace.o(.text)
    strcmp                                   0x0800136d   Thumb Code   128  strcmpv7m.o(.text)
    _sys_exit                                0x080013ed   Thumb Code     8  sys_exit.o(.text)
    __I$use$semihosting                      0x080013f9   Thumb Code     0  use_no_semi.o(.text)
    __use_no_semihosting_swi                 0x080013f9   Thumb Code     2  use_no_semi.o(.text)
    __semihosting_library_function           0x080013fb   Thumb Code     0  indicate_semi.o(.text)
    SysTick_Handler                          0x080014e9   Thumb Code    16  main.o(.text.SysTick_Handler)
    SystemInit                               0x080014f9   Thumb Code    86  system_stm32f10x.o(.text.SystemInit)
    TIM2_IRQHandler                          0x08001551   Thumb Code   320  main.o(.text.TIM2_IRQHandler)
    TIM4_IRQHandler                          0x08001691   Thumb Code    38  main.o(.text.TIM4_IRQHandler)
    USART1_IRQHandler                        0x080016b9   Thumb Code    66  uart.o(.text.USART1_IRQHandler)
    delayMs                                  0x0800173d   Thumb Code    38  main.o(.text.delayMs)
    delayUs                                  0x08001765   Thumb Code    44  main.o(.text.delayUs)
    enableClockForAltFunc                    0x08001791   Thumb Code    18  rcc.o(.text.enableClockForAltFunc)
    enableClockForPort                       0x080017a5   Thumb Code    56  rcc.o(.text.enableClockForPort)
    enableClockForTimer2                     0x080017dd   Thumb Code    18  rcc.o(.text.enableClockForTimer2)
    enableClockForTimer3                     0x080017f1   Thumb Code    18  rcc.o(.text.enableClockForTimer3)
    enableClockForTimer4                     0x08001805   Thumb Code    18  rcc.o(.text.enableClockForTimer4)
    enableClockForUART1                      0x08001819   Thumb Code    18  rcc.o(.text.enableClockForUART1)
    initGPIO                                 0x0800185d   Thumb Code   714  _hal_gpio.o(.text.initGPIO)
    initTimer4                               0x08001bad   Thumb Code    58  timer.o(.text.initTimer4)
    initUSART1                               0x08001be9   Thumb Code    60  uart.o(.text.initUSART1)
    main                                     0x08001c25   Thumb Code   292  main.o(.text.main)
    readPin                                  0x08001d49   Thumb Code    14  _hal_gpio.o(.text.readPin)
    sendString                               0x08001d59   Thumb Code   134  uart.o(.text.sendString)
    storeChar                                0x08001e15   Thumb Code    20  uart.o(.text.storeChar)
    togglePin                                0x08001e29   Thumb Code    14  _hal_gpio.o(.text.togglePin)
    waitFor                                  0x08001e39   Thumb Code    24  uart.o(.text.waitFor)
    _btod_d2e                                0x08001e51   Thumb Code    62  btod.o(CL$$btod_d2e)
    _d2e_denorm_low                          0x08001e8f   Thumb Code    70  btod.o(CL$$btod_d2e_denorm_low)
    _d2e_norm_op1                            0x08001ed5   Thumb Code    96  btod.o(CL$$btod_d2e_norm_op1)
    __btod_div_common                        0x08001f35   Thumb Code   696  btod.o(CL$$btod_div_common)
    _e2e                                     0x0800226d   Thumb Code   220  btod.o(CL$$btod_e2e)
    _btod_ediv                               0x08002349   Thumb Code    42  btod.o(CL$$btod_ediv)
    _btod_emul                               0x08002373   Thumb Code    42  btod.o(CL$$btod_emul)
    __btod_mult_common                       0x0800239d   Thumb Code   580  btod.o(CL$$btod_mult_common)
    __ARM_fpclassify                         0x080025e1   Thumb Code    40  fpclassify.o(i.__ARM_fpclassify)
    _is_digit                                0x08002609   Thumb Code    14  __printf_wp.o(i._is_digit)
    _get_lc_numeric                          0x08002619   Thumb Code    44  lc_numeric_c.o(locale$$code)
    _get_lc_ctype                            0x08002645   Thumb Code    44  lc_ctype_c.o(locale$$code)
    __aeabi_fadd                             0x08002671   Thumb Code     0  faddsub_clz.o(x$fpl$fadd)
    _fadd                                    0x08002671   Thumb Code   196  faddsub_clz.o(x$fpl$fadd)
    __aeabi_f2uiz                            0x08002735   Thumb Code     0  ffixu.o(x$fpl$ffixu)
    _ffixu                                   0x08002735   Thumb Code    62  ffixu.o(x$fpl$ffixu)
    __fpl_fnaninf                            0x08002773   Thumb Code   140  fnaninf.o(x$fpl$fnaninf)
    __fpl_fretinf                            0x080027ff   Thumb Code    10  fretinf.o(x$fpl$fretinf)
    __aeabi_fsub                             0x08002809   Thumb Code     0  faddsub_clz.o(x$fpl$fsub)
    _fsub                                    0x08002809   Thumb Code   234  faddsub_clz.o(x$fpl$fsub)
    _printf_fp_dec                           0x080028f3   Thumb Code     4  printf1.o(x$fpl$printf1)
    _printf_fp_hex                           0x080028f7   Thumb Code     4  printf2.o(x$fpl$printf2)
    __I$use$fp                               0x080028fa   Number         0  usenofp.o(x$fpl$usenofp)
    Region$$Table$$Base                      0x08002a80   Number         0  anon$$obj.o(Region$$Table)
    Region$$Table$$Limit                     0x08002aa0   Number         0  anon$$obj.o(Region$$Table)
    __ctype                                  0x08002ac9   Data           0  lc_ctype_c.o(locale$$data)
    SystemCoreClock                          0x20000000   Data           4  system_stm32f10x.o(.data.SystemCoreClock)
    __libspace_start                         0x20000008   Data          96  libspace.o(.bss)
    __temporary_stack_top$libspace           0x20000068   Data           0  libspace.o(.bss)
    idx                                      0x20000068   Data           2  main.o(.bss.idx)
    rx_char                                  0x20000070   Data           1  main.o(.bss.rx_char)
    rx_string                                0x20000071   Data         240  main.o(.bss.rx_string)
    wifi_info                                0x20000180   Data         240  main.o(.bss.wifi_info)



==============================================================================

Memory Map of the image

  Image Entry point : 0x08000235

  Load Region LR_1 (Base: 0x08000000, Size: 0x00002bd0, Max: 0xffffffff, ABSOLUTE)

    Execution Region ER_RO (Exec base: 0x08000000, Load base: 0x08000000, Size: 0x00002bcc, Max: 0xffffffff, ABSOLUTE)

    Exec Addr    Load Addr    Size         Type   Attr      Idx    E Section Name        Object

    0x08000000   0x08000000   0x000000ec   Data   RO          139    RESET               startup_stm32f10x_md.o
    0x080000ec   0x080000ec   0x00000008   Code   RO          204  * !!!main             c_w.l(__main.o)
    0x080000f4   0x080000f4   0x00000034   Code   RO          527    !!!scatter          c_w.l(__scatter.o)
    0x08000128   0x08000128   0x0000001a   Code   RO          529    !!handler_copy      c_w.l(__scatter_copy.o)
    0x08000142   0x08000142   0x00000002   PAD
    0x08000144   0x08000144   0x0000001c   Code   RO          531    !!handler_zi        c_w.l(__scatter_zi.o)
    0x08000160   0x08000160   0x00000000   Code   RO          197    .ARM.Collect$$_printf_percent$$00000000  c_w.l(_printf_percent.o)
    0x08000160   0x08000160   0x00000006   Code   RO          264    .ARM.Collect$$_printf_percent$$00000001  c_w.l(_printf_n.o)
    0x08000166   0x08000166   0x00000006   Code   RO          266    .ARM.Collect$$_printf_percent$$00000002  c_w.l(_printf_p.o)
    0x0800016c   0x0800016c   0x00000006   Code   RO          271    .ARM.Collect$$_printf_percent$$00000003  c_w.l(_printf_f.o)
    0x08000172   0x08000172   0x00000006   Code   RO          272    .ARM.Collect$$_printf_percent$$00000004  c_w.l(_printf_e.o)
    0x08000178   0x08000178   0x00000006   Code   RO          273    .ARM.Collect$$_printf_percent$$00000005  c_w.l(_printf_g.o)
    0x0800017e   0x0800017e   0x00000006   Code   RO          274    .ARM.Collect$$_printf_percent$$00000006  c_w.l(_printf_a.o)
    0x08000184   0x08000184   0x0000000a   Code   RO          279    .ARM.Collect$$_printf_percent$$00000007  c_w.l(_printf_ll.o)
    0x0800018e   0x0800018e   0x00000006   Code   RO          268    .ARM.Collect$$_printf_percent$$00000008  c_w.l(_printf_i.o)
    0x08000194   0x08000194   0x00000006   Code   RO          269    .ARM.Collect$$_printf_percent$$00000009  c_w.l(_printf_d.o)
    0x0800019a   0x0800019a   0x00000006   Code   RO          270    .ARM.Collect$$_printf_percent$$0000000A  c_w.l(_printf_u.o)
    0x080001a0   0x080001a0   0x00000006   Code   RO          267    .ARM.Collect$$_printf_percent$$0000000B  c_w.l(_printf_o.o)
    0x080001a6   0x080001a6   0x00000006   Code   RO          265    .ARM.Collect$$_printf_percent$$0000000C  c_w.l(_printf_x.o)
    0x080001ac   0x080001ac   0x00000006   Code   RO          276    .ARM.Collect$$_printf_percent$$0000000D  c_w.l(_printf_lli.o)
    0x080001b2   0x080001b2   0x00000006   Code   RO          277    .ARM.Collect$$_printf_percent$$0000000E  c_w.l(_printf_lld.o)
    0x080001b8   0x080001b8   0x00000006   Code   RO          278    .ARM.Collect$$_printf_percent$$0000000F  c_w.l(_printf_llu.o)
    0x080001be   0x080001be   0x00000006   Code   RO          283    .ARM.Collect$$_printf_percent$$00000010  c_w.l(_printf_llo.o)
    0x080001c4   0x080001c4   0x00000006   Code   RO          284    .ARM.Collect$$_printf_percent$$00000011  c_w.l(_printf_llx.o)
    0x080001ca   0x080001ca   0x0000000a   Code   RO          280    .ARM.Collect$$_printf_percent$$00000012  c_w.l(_printf_l.o)
    0x080001d4   0x080001d4   0x00000006   Code   RO          263    .ARM.Collect$$_printf_percent$$00000013  c_w.l(_printf_c.o)
    0x080001da   0x080001da   0x00000006   Code   RO          196    .ARM.Collect$$_printf_percent$$00000014  c_w.l(_printf_s.o)
    0x080001e0   0x080001e0   0x00000006   Code   RO          281    .ARM.Collect$$_printf_percent$$00000015  c_w.l(_printf_lc.o)
    0x080001e6   0x080001e6   0x00000006   Code   RO          282    .ARM.Collect$$_printf_percent$$00000016  c_w.l(_printf_ls.o)
    0x080001ec   0x080001ec   0x00000004   Code   RO          275    .ARM.Collect$$_printf_percent$$00000017  c_w.l(_printf_percent_end.o)
    0x080001f0   0x080001f0   0x00000002   Code   RO          378    .ARM.Collect$$libinit$$00000000  c_w.l(libinit.o)
    0x080001f2   0x080001f2   0x00000000   Code   RO          396    .ARM.Collect$$libinit$$00000002  c_w.l(libinit2.o)
    0x080001f2   0x080001f2   0x00000000   Code   RO          398    .ARM.Collect$$libinit$$00000004  c_w.l(libinit2.o)
    0x080001f2   0x080001f2   0x00000000   Code   RO          401    .ARM.Collect$$libinit$$0000000A  c_w.l(libinit2.o)
    0x080001f2   0x080001f2   0x00000000   Code   RO          403    .ARM.Collect$$libinit$$0000000C  c_w.l(libinit2.o)
    0x080001f2   0x080001f2   0x00000000   Code   RO          405    .ARM.Collect$$libinit$$0000000E  c_w.l(libinit2.o)
    0x080001f2   0x080001f2   0x00000006   Code   RO          406    .ARM.Collect$$libinit$$0000000F  c_w.l(libinit2.o)
    0x080001f8   0x080001f8   0x00000000   Code   RO          408    .ARM.Collect$$libinit$$00000011  c_w.l(libinit2.o)
    0x080001f8   0x080001f8   0x0000000c   Code   RO          409    .ARM.Collect$$libinit$$00000012  c_w.l(libinit2.o)
    0x08000204   0x08000204   0x00000000   Code   RO          410    .ARM.Collect$$libinit$$00000013  c_w.l(libinit2.o)
    0x08000204   0x08000204   0x00000000   Code   RO          412    .ARM.Collect$$libinit$$00000015  c_w.l(libinit2.o)
    0x08000204   0x08000204   0x0000000a   Code   RO          413    .ARM.Collect$$libinit$$00000016  c_w.l(libinit2.o)
    0x0800020e   0x0800020e   0x00000000   Code   RO          414    .ARM.Collect$$libinit$$00000017  c_w.l(libinit2.o)
    0x0800020e   0x0800020e   0x00000000   Code   RO          416    .ARM.Collect$$libinit$$00000019  c_w.l(libinit2.o)
    0x0800020e   0x0800020e   0x00000000   Code   RO          418    .ARM.Collect$$libinit$$0000001B  c_w.l(libinit2.o)
    0x0800020e   0x0800020e   0x00000000   Code   RO          420    .ARM.Collect$$libinit$$0000001D  c_w.l(libinit2.o)
    0x0800020e   0x0800020e   0x00000000   Code   RO          422    .ARM.Collect$$libinit$$0000001F  c_w.l(libinit2.o)
    0x0800020e   0x0800020e   0x00000000   Code   RO          424    .ARM.Collect$$libinit$$00000021  c_w.l(libinit2.o)
    0x0800020e   0x0800020e   0x00000000   Code   RO          426    .ARM.Collect$$libinit$$00000023  c_w.l(libinit2.o)
    0x0800020e   0x0800020e   0x00000000   Code   RO          428    .ARM.Collect$$libinit$$00000025  c_w.l(libinit2.o)
    0x0800020e   0x0800020e   0x00000000   Code   RO          432    .ARM.Collect$$libinit$$0000002C  c_w.l(libinit2.o)
    0x0800020e   0x0800020e   0x00000000   Code   RO          434    .ARM.Collect$$libinit$$0000002E  c_w.l(libinit2.o)
    0x0800020e   0x0800020e   0x00000000   Code   RO          436    .ARM.Collect$$libinit$$00000030  c_w.l(libinit2.o)
    0x0800020e   0x0800020e   0x00000000   Code   RO          438    .ARM.Collect$$libinit$$00000032  c_w.l(libinit2.o)
    0x0800020e   0x0800020e   0x00000002   Code   RO          439    .ARM.Collect$$libinit$$00000033  c_w.l(libinit2.o)
    0x08000210   0x08000210   0x00000002   Code   RO          463    .ARM.Collect$$libshutdown$$00000000  c_w.l(libshutdown.o)
    0x08000212   0x08000212   0x00000000   Code   RO          478    .ARM.Collect$$libshutdown$$00000002  c_w.l(libshutdown2.o)
    0x08000212   0x08000212   0x00000000   Code   RO          480    .ARM.Collect$$libshutdown$$00000004  c_w.l(libshutdown2.o)
    0x08000212   0x08000212   0x00000000   Code   RO          483    .ARM.Collect$$libshutdown$$00000007  c_w.l(libshutdown2.o)
    0x08000212   0x08000212   0x00000000   Code   RO          486    .ARM.Collect$$libshutdown$$0000000A  c_w.l(libshutdown2.o)
    0x08000212   0x08000212   0x00000000   Code   RO          488    .ARM.Collect$$libshutdown$$0000000C  c_w.l(libshutdown2.o)
    0x08000212   0x08000212   0x00000000   Code   RO          491    .ARM.Collect$$libshutdown$$0000000F  c_w.l(libshutdown2.o)
    0x08000212   0x08000212   0x00000002   Code   RO          492    .ARM.Collect$$libshutdown$$00000010  c_w.l(libshutdown2.o)
    0x08000214   0x08000214   0x00000000   Code   RO          216    .ARM.Collect$$rtentry$$00000000  c_w.l(__rtentry.o)
    0x08000214   0x08000214   0x00000000   Code   RO          299    .ARM.Collect$$rtentry$$00000002  c_w.l(__rtentry2.o)
    0x08000214   0x08000214   0x00000006   Code   RO          311    .ARM.Collect$$rtentry$$00000004  c_w.l(__rtentry4.o)
    0x0800021a   0x0800021a   0x00000000   Code   RO          301    .ARM.Collect$$rtentry$$00000009  c_w.l(__rtentry2.o)
    0x0800021a   0x0800021a   0x00000004   Code   RO          302    .ARM.Collect$$rtentry$$0000000A  c_w.l(__rtentry2.o)
    0x0800021e   0x0800021e   0x00000000   Code   RO          304    .ARM.Collect$$rtentry$$0000000C  c_w.l(__rtentry2.o)
    0x0800021e   0x0800021e   0x00000008   Code   RO          305    .ARM.Collect$$rtentry$$0000000D  c_w.l(__rtentry2.o)
    0x08000226   0x08000226   0x00000002   Code   RO          386    .ARM.Collect$$rtexit$$00000000  c_w.l(rtexit.o)
    0x08000228   0x08000228   0x00000000   Code   RO          441    .ARM.Collect$$rtexit$$00000002  c_w.l(rtexit2.o)
    0x08000228   0x08000228   0x00000004   Code   RO          442    .ARM.Collect$$rtexit$$00000003  c_w.l(rtexit2.o)
    0x0800022c   0x0800022c   0x00000006   Code   RO          443    .ARM.Collect$$rtexit$$00000004  c_w.l(rtexit2.o)
    0x08000232   0x08000232   0x00000002   PAD
    0x08000234   0x08000234   0x00000040   Code   RO          140  * .text               startup_stm32f10x_md.o
    0x08000274   0x08000274   0x00000024   Code   RO          166    .text               c_w.l(vsprintf.o)
    0x08000298   0x08000298   0x0000002c   Code   RO          168    .text               c_w.l(__2sprintf.o)
    0x080002c4   0x080002c4   0x00000052   Code   RO          174    .text               c_w.l(_printf_str.o)
    0x08000316   0x08000316   0x00000002   PAD
    0x08000318   0x08000318   0x00000188   Code   RO          193    .text               c_w.l(__printf_flags_ss_wp.o)
    0x080004a0   0x080004a0   0x00000024   Code   RO          198    .text               c_w.l(strstr.o)
    0x080004c4   0x080004c4   0x0000003e   Code   RO          200    .text               c_w.l(strlen.o)
    0x08000502   0x08000502   0x00000006   Code   RO          202    .text               c_w.l(heapauxi.o)
    0x08000508   0x08000508   0x0000004e   Code   RO          217    .text               c_w.l(_printf_pad.o)
    0x08000556   0x08000556   0x00000024   Code   RO          219    .text               c_w.l(_printf_truncate.o)
    0x0800057a   0x0800057a   0x00000002   PAD
    0x0800057c   0x0800057c   0x00000078   Code   RO          221    .text               c_w.l(_printf_dec.o)
    0x080005f4   0x080005f4   0x00000028   Code   RO          223    .text               c_w.l(_printf_charcount.o)
    0x0800061c   0x0800061c   0x00000030   Code   RO          225    .text               c_w.l(_printf_char_common.o)
    0x0800064c   0x0800064c   0x0000000a   Code   RO          227    .text               c_w.l(_sputc.o)
    0x08000656   0x08000656   0x0000002c   Code   RO          229    .text               c_w.l(_printf_char.o)
    0x08000682   0x08000682   0x00000002   PAD
    0x08000684   0x08000684   0x000000bc   Code   RO          231    .text               c_w.l(_printf_wctomb.o)
    0x08000740   0x08000740   0x0000007c   Code   RO          234    .text               c_w.l(_printf_longlong_dec.o)
    0x080007bc   0x080007bc   0x00000070   Code   RO          240    .text               c_w.l(_printf_oct_int_ll.o)
    0x0800082c   0x0800082c   0x00000094   Code   RO          260    .text               c_w.l(_printf_hex_int_ll_ptr.o)
    0x080008c0   0x080008c0   0x0000008a   Code   RO          313    .text               c_w.l(lludiv10.o)
    0x0800094a   0x0800094a   0x000000b2   Code   RO          315    .text               c_w.l(_printf_intcommon.o)
    0x080009fc   0x080009fc   0x0000041c   Code   RO          317    .text               c_w.l(_printf_fp_dec.o)
    0x08000e18   0x08000e18   0x000002fc   Code   RO          321    .text               c_w.l(_printf_fp_hex.o)
    0x08001114   0x08001114   0x0000002c   Code   RO          326    .text               c_w.l(_printf_wchar.o)
    0x08001140   0x08001140   0x00000048   Code   RO          328    .text               c_w.l(_c16rtomb.o)
    0x08001188   0x08001188   0x0000004a   Code   RO          330    .text               c_w.l(sys_stackheap_outer.o)
    0x080011d2   0x080011d2   0x00000002   PAD
    0x080011d4   0x080011d4   0x00000010   Code   RO          332    .text               c_w.l(rt_ctype_table.o)
    0x080011e4   0x080011e4   0x00000008   Code   RO          337    .text               c_w.l(rt_locale_intlibspace.o)
    0x080011ec   0x080011ec   0x00000080   Code   RO          339    .text               c_w.l(_printf_fp_infnan.o)
    0x0800126c   0x0800126c   0x000000e4   Code   RO          341    .text               c_w.l(bigflt0.o)
    0x08001350   0x08001350   0x00000012   Code   RO          371    .text               c_w.l(exit.o)
    0x08001362   0x08001362   0x00000002   PAD
    0x08001364   0x08001364   0x00000008   Code   RO          383    .text               c_w.l(libspace.o)
    0x0800136c   0x0800136c   0x00000080   Code   RO          393    .text               c_w.l(strcmpv7m.o)
    0x080013ec   0x080013ec   0x0000000c   Code   RO          453    .text               c_w.l(sys_exit.o)
    0x080013f8   0x080013f8   0x00000002   Code   RO          468    .text               c_w.l(use_no_semi.o)
    0x080013fa   0x080013fa   0x00000000   Code   RO          470    .text               c_w.l(indicate_semi.o)
    0x080013fa   0x080013fa   0x00000002   PAD
    0x080013fc   0x080013fc   0x00000008   Code   RO          149    .text.SetSysClock   system_stm32f10x.o
    0x08001404   0x08001404   0x000000be   Code   RO          153    .text.SetSysClockTo72  system_stm32f10x.o
    0x080014c2   0x080014c2   0x00000002   PAD
    0x080014c4   0x080014c4   0x00000024   Code   RO            4    .text.SysTick_Config  main.o
    0x080014e8   0x080014e8   0x00000010   Code   RO           16    .text.SysTick_Handler  main.o
    0x080014f8   0x080014f8   0x00000056   Code   RO          147    .text.SystemInit    system_stm32f10x.o
    0x0800154e   0x0800154e   0x00000002   PAD
    0x08001550   0x08001550   0x00000140   Code   RO           20    .text.TIM2_IRQHandler  main.o
    0x08001690   0x08001690   0x00000026   Code   RO           22    .text.TIM4_IRQHandler  main.o
    0x080016b6   0x080016b6   0x00000002   PAD
    0x080016b8   0x080016b8   0x00000042   Code   RO           72    .text.USART1_IRQHandler  uart.o
    0x080016fa   0x080016fa   0x00000002   PAD
    0x080016fc   0x080016fc   0x0000000e   Code   RO           70    .text.__NVIC_EnableIRQ  uart.o
    0x0800170a   0x0800170a   0x00000002   PAD
    0x0800170c   0x0800170c   0x00000020   Code   RO          116    .text.__NVIC_EnableIRQ  timer.o
    0x0800172c   0x0800172c   0x0000000e   Code   RO           24    .text.__NVIC_SetPriority  main.o
    0x0800173a   0x0800173a   0x00000002   PAD
    0x0800173c   0x0800173c   0x00000026   Code   RO           14    .text.delayMs       main.o
    0x08001762   0x08001762   0x00000002   PAD
    0x08001764   0x08001764   0x0000002c   Code   RO           10    .text.delayUs       main.o
    0x08001790   0x08001790   0x00000012   Code   RO           94    .text.enableClockForAltFunc  rcc.o
    0x080017a2   0x080017a2   0x00000002   PAD
    0x080017a4   0x080017a4   0x00000038   Code   RO           96    .text.enableClockForPort  rcc.o
    0x080017dc   0x080017dc   0x00000012   Code   RO          100    .text.enableClockForTimer2  rcc.o
    0x080017ee   0x080017ee   0x00000002   PAD
    0x080017f0   0x080017f0   0x00000012   Code   RO          102    .text.enableClockForTimer3  rcc.o
    0x08001802   0x08001802   0x00000002   PAD
    0x08001804   0x08001804   0x00000012   Code   RO          104    .text.enableClockForTimer4  rcc.o
    0x08001816   0x08001816   0x00000002   PAD
    0x08001818   0x08001818   0x00000012   Code   RO           98    .text.enableClockForUART1  rcc.o
    0x0800182a   0x0800182a   0x00000002   PAD
    0x0800182c   0x0800182c   0x0000002e   Code   RO            6    .text.initClock     main.o
    0x0800185a   0x0800185a   0x00000002   PAD
    0x0800185c   0x0800185c   0x000002ca   Code   RO           50    .text.initGPIO      _hal_gpio.o
    0x08001b26   0x08001b26   0x00000002   PAD
    0x08001b28   0x08001b28   0x00000082   Code   RO            8    .text.initGPIOs     main.o
    0x08001baa   0x08001baa   0x00000002   PAD
    0x08001bac   0x08001bac   0x0000003a   Code   RO          120    .text.initTimer4    timer.o
    0x08001be6   0x08001be6   0x00000002   PAD
    0x08001be8   0x08001be8   0x0000003c   Code   RO           68    .text.initUSART1    uart.o
    0x08001c24   0x08001c24   0x00000124   Code   RO            2    .text.main          main.o
    0x08001d48   0x08001d48   0x0000000e   Code   RO           54    .text.readPin       _hal_gpio.o
    0x08001d56   0x08001d56   0x00000002   PAD
    0x08001d58   0x08001d58   0x00000086   Code   RO           78    .text.sendString    uart.o
    0x08001dde   0x08001dde   0x00000002   PAD
    0x08001de0   0x08001de0   0x00000034   Code   RO           12    .text.startButton   main.o
    0x08001e14   0x08001e14   0x00000014   Code   RO           74    .text.storeChar     uart.o
    0x08001e28   0x08001e28   0x0000000e   Code   RO           56    .text.togglePin     _hal_gpio.o
    0x08001e36   0x08001e36   0x00000002   PAD
    0x08001e38   0x08001e38   0x00000018   Code   RO           84    .text.waitFor       uart.o
    0x08001e50   0x08001e50   0x0000003e   Code   RO          344    CL$$btod_d2e        c_w.l(btod.o)
    0x08001e8e   0x08001e8e   0x00000046   Code   RO          346    CL$$btod_d2e_denorm_low  c_w.l(btod.o)
    0x08001ed4   0x08001ed4   0x00000060   Code   RO          345    CL$$btod_d2e_norm_op1  c_w.l(btod.o)
    0x08001f34   0x08001f34   0x00000338   Code   RO          354    CL$$btod_div_common  c_w.l(btod.o)
    0x0800226c   0x0800226c   0x000000dc   Code   RO          351    CL$$btod_e2e        c_w.l(btod.o)
    0x08002348   0x08002348   0x0000002a   Code   RO          348    CL$$btod_ediv       c_w.l(btod.o)
    0x08002372   0x08002372   0x0000002a   Code   RO          347    CL$$btod_emul       c_w.l(btod.o)
    0x0800239c   0x0800239c   0x00000244   Code   RO          353    CL$$btod_mult_common  c_w.l(btod.o)
    0x080025e0   0x080025e0   0x00000028   Code   RO          381    i.__ARM_fpclassify  m_ws.l(fpclassify.o)
    0x08002608   0x08002608   0x0000000e   Code   RO          186    i._is_digit         c_w.l(__printf_wp.o)
    0x08002616   0x08002616   0x00000002   PAD
    0x08002618   0x08002618   0x0000002c   Code   RO          369    locale$$code        c_w.l(lc_numeric_c.o)
    0x08002644   0x08002644   0x0000002c   Code   RO          391    locale$$code        c_w.l(lc_ctype_c.o)
    0x08002670   0x08002670   0x000000c4   Code   RO          206    x$fpl$fadd          fz_ws.l(faddsub_clz.o)
    0x08002734   0x08002734   0x0000003e   Code   RO          212    x$fpl$ffixu         fz_ws.l(ffixu.o)
    0x08002772   0x08002772   0x0000008c   Code   RO          285    x$fpl$fnaninf       fz_ws.l(fnaninf.o)
    0x080027fe   0x080027fe   0x0000000a   Code   RO          287    x$fpl$fretinf       fz_ws.l(fretinf.o)
    0x08002808   0x08002808   0x000000ea   Code   RO          208    x$fpl$fsub          fz_ws.l(faddsub_clz.o)
    0x080028f2   0x080028f2   0x00000004   Code   RO          289    x$fpl$printf1       fz_ws.l(printf1.o)
    0x080028f6   0x080028f6   0x00000004   Code   RO          291    x$fpl$printf2       fz_ws.l(printf2.o)
    0x080028fa   0x080028fa   0x00000000   Code   RO          297    x$fpl$usenofp       fz_ws.l(usenofp.o)
    0x080028fa   0x080028fa   0x00000011   Data   RO          194    .constdata          c_w.l(__printf_flags_ss_wp.o)
    0x0800290b   0x0800290b   0x00000001   PAD
    0x0800290c   0x0800290c   0x00000008   Data   RO          232    .constdata          c_w.l(_printf_wctomb.o)
    0x08002914   0x08002914   0x00000028   Data   RO          261    .constdata          c_w.l(_printf_hex_int_ll_ptr.o)
    0x0800293c   0x0800293c   0x00000026   Data   RO          322    .constdata          c_w.l(_printf_fp_hex.o)
    0x08002962   0x08002962   0x00000002   PAD
    0x08002964   0x08002964   0x00000094   Data   RO          342    .constdata          c_w.l(bigflt0.o)
    0x080029f8   0x080029f8   0x00000040   Data   RO           59    .rodata.CNF_BIT0    _hal_gpio.o
    0x08002a38   0x08002a38   0x00000040   Data   RO           58    .rodata.MODE_BIT0   _hal_gpio.o
    0x08002a78   0x08002a78   0x00000005   Data   RO           26    .rodata.str1.1      main.o
    0x08002a7d   0x08002a7d   0x00000003   PAD
    0x08002a80   0x08002a80   0x00000020   Data   RO          526    Region$$Table       anon$$obj.o
    0x08002aa0   0x08002aa0   0x0000001c   Data   RO          368    locale$$data        c_w.l(lc_numeric_c.o)
    0x08002abc   0x08002abc   0x00000110   Data   RO          390    locale$$data        c_w.l(lc_ctype_c.o)


    Execution Region ER_RW (Exec base: 0x20000000, Load base: 0x08002bcc, Size: 0x00000004, Max: 0xffffffff, ABSOLUTE)

    Exec Addr    Load Addr    Size         Type   Attr      Idx    E Section Name        Object

    0x20000000   0x08002bcc   0x00000004   Data   RW          155    .data.SystemCoreClock  system_stm32f10x.o


    Execution Region ER_ZI (Exec base: 0x20000008, Load base: 0x08002bd0, Size: 0x00000870, Max: 0xffffffff, ABSOLUTE)

    Exec Addr    Load Addr    Size         Type   Attr      Idx    E Section Name        Object

    0x20000008        -       0x00000060   Zero   RW          384    .bss                c_w.l(libspace.o)
    0x20000068        -       0x00000002   Zero   RW           28    .bss.idx            main.o
    0x2000006a   0x08002bd0   0x00000002   PAD
    0x2000006c        -       0x00000004   Zero   RW           32    .bss.my_tick        main.o
    0x20000070        -       0x00000001   Zero   RW           39    .bss.rx_char        main.o
    0x20000071        -       0x000000f0   Zero   RW           40    .bss.rx_string      main.o
    0x20000161   0x08002bd0   0x00000003   PAD
    0x20000164        -       0x00000004   Zero   RW           37    .bss.step_x10       main.o
    0x20000168        -       0x00000004   Zero   RW           36    .bss.step_x_i10     main.o
    0x2000016c        -       0x00000004   Zero   RW           35    .bss.step_y10       main.o
    0x20000170        -       0x00000004   Zero   RW           38    .bss.step_y_i10     main.o
    0x20000174        -       0x00000004   Zero   RW           30    .bss.sys_tick       main.o
    0x20000178        -       0x00000004   Zero   RW           29    .bss.tim4_tick      main.o
    0x2000017c        -       0x00000004   Zero   RW           31    .bss.time           main.o
    0x20000180        -       0x000000f0   Zero   RW           27    .bss.wifi_info      main.o
    0x20000270        -       0x00000001   Zero   RW           33    .bss.x_only         main.o
    0x20000271        -       0x00000001   Zero   RW           34    .bss.y_only         main.o
    0x20000272   0x08002bd0   0x00000006   PAD
    0x20000278        -       0x00000200   Zero   RW          138    HEAP                startup_stm32f10x_md.o
    0x20000478        -       0x00000400   Zero   RW          137    STACK               startup_stm32f10x_md.o


==============================================================================

Image component sizes


      Code (inc. data)   RO Data    RW Data    ZI Data      Debug   Object Name

       742         44        128          0          0       3419   _hal_gpio.o
      1026         92          5          0        517       6293   main.o
       146         16          0          0          0       1503   rcc.o
        64         26        236          0       1536        808   startup_stm32f10x_md.o
       284          0          0          4          0       2757   system_stm32f10x.o
        90          0          0          0          0       3519   timer.o
       318          0          0          0          0       4564   uart.o

    ----------------------------------------------------------------------
      2708        178        404          4       2064      22863   Object Totals
         0          0         32          0          0          0   (incl. Generated)
        38          0          3          0         11          0   (incl. Padding)

    ----------------------------------------------------------------------

      Code (inc. data)   RO Data    RW Data    ZI Data      Debug   Library Member Name

        44          6          0          0          0         84   __2sprintf.o
         8          0          0          0          0         68   __main.o
       392          4         17          0          0         92   __printf_flags_ss_wp.o
        14          0          0          0          0         68   __printf_wp.o
         0          0          0          0          0          0   __rtentry.o
        12          0          0          0          0          0   __rtentry2.o
         6          0          0          0          0          0   __rtentry4.o
        52          8          0          0          0          0   __scatter.o
        26          0          0          0          0          0   __scatter_copy.o
        28          0          0          0          0          0   __scatter_zi.o
        72          0          0          0          0         96   _c16rtomb.o
         6          0          0          0          0          0   _printf_a.o
         6          0          0          0          0          0   _printf_c.o
        44          0          0          0          0        108   _printf_char.o
        48          6          0          0          0         96   _printf_char_common.o
        40          0          0          0          0         68   _printf_charcount.o
         6          0          0          0          0          0   _printf_d.o
       120         16          0          0          0         92   _printf_dec.o
         6          0          0          0          0          0   _printf_e.o
         6          0          0          0          0          0   _printf_f.o
      1052          0          0          0          0        148   _printf_fp_dec.o
       764          8         38          0          0        100   _printf_fp_hex.o
       128         16          0          0          0         84   _printf_fp_infnan.o
         6          0          0          0          0          0   _printf_g.o
       148          4         40          0          0        160   _printf_hex_int_ll_ptr.o
         6          0          0          0          0          0   _printf_i.o
       178          0          0          0          0         88   _printf_intcommon.o
        10          0          0          0          0          0   _printf_l.o
         6          0          0          0          0          0   _printf_lc.o
        10          0          0          0          0          0   _printf_ll.o
         6          0          0          0          0          0   _printf_lld.o
         6          0          0          0          0          0   _printf_lli.o
         6          0          0          0          0          0   _printf_llo.o
         6          0          0          0          0          0   _printf_llu.o
         6          0          0          0          0          0   _printf_llx.o
       124         16          0          0          0         92   _printf_longlong_dec.o
         6          0          0          0          0          0   _printf_ls.o
         6          0          0          0          0          0   _printf_n.o
         6          0          0          0          0          0   _printf_o.o
       112          8          0          0          0        124   _printf_oct_int_ll.o
         6          0          0          0          0          0   _printf_p.o
        78          0          0          0          0        108   _printf_pad.o
         0          0          0          0          0          0   _printf_percent.o
         4          0          0          0          0          0   _printf_percent_end.o
         6          0          0          0          0          0   _printf_s.o
        82          0          0          0          0         80   _printf_str.o
        36          0          0          0          0         84   _printf_truncate.o
         6          0          0          0          0          0   _printf_u.o
        44          0          0          0          0        108   _printf_wchar.o
       188          6          8          0          0         92   _printf_wctomb.o
         6          0          0          0          0          0   _printf_x.o
        10          0          0          0          0         68   _sputc.o
       228          4        148          0          0         96   bigflt0.o
      1936        128          0          0          0        672   btod.o
        18          0          0          0          0         80   exit.o
         6          0          0          0          0        152   heapauxi.o
         0          0          0          0          0          0   indicate_semi.o
        44         10        272          0          0         76   lc_ctype_c.o
        44         10         28          0          0         76   lc_numeric_c.o
         2          0          0          0          0          0   libinit.o
        30          0          0          0          0          0   libinit2.o
         2          0          0          0          0          0   libshutdown.o
         2          0          0          0          0          0   libshutdown2.o
         8          4          0          0         96         68   libspace.o
       138          0          0          0          0         80   lludiv10.o
        16          4          0          0          0         76   rt_ctype_table.o
         8          4          0          0          0         68   rt_locale_intlibspace.o
         2          0          0          0          0          0   rtexit.o
        10          0          0          0          0          0   rtexit2.o
       128          0          0          0          0         68   strcmpv7m.o
        62          0          0          0          0         76   strlen.o
        36          0          0          0          0         80   strstr.o
        12          4          0          0          0         68   sys_exit.o
        74          0          0          0          0         80   sys_stackheap_outer.o
         2          0          0          0          0         68   use_no_semi.o
        36          4          0          0          0         76   vsprintf.o
       430          8          0          0          0        168   faddsub_clz.o
        62          4          0          0          0         84   ffixu.o
       140          4          0          0          0         84   fnaninf.o
        10          0          0          0          0         68   fretinf.o
         4          0          0          0          0         68   printf1.o
         4          0          0          0          0         68   printf2.o
         0          0          0          0          0          0   usenofp.o
        40          0          0          0          0         68   fpclassify.o

    ----------------------------------------------------------------------
      7546        286        554          0         96       4676   Library Totals
        18          0          3          0          0          0   (incl. Padding)

    ----------------------------------------------------------------------

      Code (inc. data)   RO Data    RW Data    ZI Data      Debug   Library Name

      6838        270        551          0         96       4068   c_w.l
       650         16          0          0          0        540   fz_ws.l
        40          0          0          0          0         68   m_ws.l

    ----------------------------------------------------------------------
      7546        286        554          0         96       4676   Library Totals

    ----------------------------------------------------------------------

==============================================================================


      Code (inc. data)   RO Data    RW Data    ZI Data      Debug   

     10254        464        958          4       2160      24907   Grand Totals
     10254        464        958          4       2160      24907   ELF Image Totals
     10254        464        958          4          0          0   ROM Totals

==============================================================================

    Total RO  Size (Code + RO Data)                11212 (  10.95kB)
    Total RW  Size (RW Data + ZI Data)              2164 (   2.11kB)
    Total ROM Size (Code + RO Data + RW Data)      11216 (  10.95kB)

==============================================================================

